Archive member included to satisfy reference by file (symbol)

C:/Users/denis/.pico-sdk/toolchain/13_2_Rel1/bin/../lib/gcc/arm-none-eabi/13.2.1/thumb/v6-m/nofp\libgcc.a(_dvmd_tls.o)
                              CMakeFiles/Tarefa_Unidade_II_MQTT.dir/C_/Users/denis/.pico-sdk/sdk/1.5.1/src/rp2_common/pico_divider/divider.S.obj (__aeabi_idiv0)
C:/Users/denis/.pico-sdk/toolchain/13_2_Rel1/bin/../lib/gcc/arm-none-eabi/13.2.1/thumb/v6-m/nofp\libg.a(libc_a-atoi.o)
                              CMakeFiles/Tarefa_Unidade_II_MQTT.dir/C_/Users/denis/.pico-sdk/sdk/1.5.1/lib/lwip/src/core/netif.c.obj (atoi)
C:/Users/denis/.pico-sdk/toolchain/13_2_Rel1/bin/../lib/gcc/arm-none-eabi/13.2.1/thumb/v6-m/nofp\libg.a(libc_a-calloc.o)
                              CMakeFiles/Tarefa_Unidade_II_MQTT.dir/C_/Users/denis/.pico-sdk/sdk/1.5.1/src/rp2_common/pico_malloc/pico_malloc.c.obj (calloc)
C:/Users/denis/.pico-sdk/toolchain/13_2_Rel1/bin/../lib/gcc/arm-none-eabi/13.2.1/thumb/v6-m/nofp\libg.a(libc_a-callocr.o)
                              C:/Users/denis/.pico-sdk/toolchain/13_2_Rel1/bin/../lib/gcc/arm-none-eabi/13.2.1/thumb/v6-m/nofp\libg.a(libc_a-calloc.o) (_calloc_r)
C:/Users/denis/.pico-sdk/toolchain/13_2_Rel1/bin/../lib/gcc/arm-none-eabi/13.2.1/thumb/v6-m/nofp\libg.a(libc_a-malloc.o)
                              CMakeFiles/Tarefa_Unidade_II_MQTT.dir/C_/Users/denis/.pico-sdk/sdk/1.5.1/src/rp2_common/pico_malloc/pico_malloc.c.obj (malloc)
C:/Users/denis/.pico-sdk/toolchain/13_2_Rel1/bin/../lib/gcc/arm-none-eabi/13.2.1/thumb/v6-m/nofp\libg.a(libc_a-mallocr.o)
                              C:/Users/denis/.pico-sdk/toolchain/13_2_Rel1/bin/../lib/gcc/arm-none-eabi/13.2.1/thumb/v6-m/nofp\libg.a(libc_a-callocr.o) (_malloc_r)
C:/Users/denis/.pico-sdk/toolchain/13_2_Rel1/bin/../lib/gcc/arm-none-eabi/13.2.1/thumb/v6-m/nofp\libg.a(libc_a-mlock.o)
                              C:/Users/denis/.pico-sdk/toolchain/13_2_Rel1/bin/../lib/gcc/arm-none-eabi/13.2.1/thumb/v6-m/nofp\libg.a(libc_a-mallocr.o) (__malloc_lock)
C:/Users/denis/.pico-sdk/toolchain/13_2_Rel1/bin/../lib/gcc/arm-none-eabi/13.2.1/thumb/v6-m/nofp\libg.a(libc_a-realloc.o)
                              CMakeFiles/Tarefa_Unidade_II_MQTT.dir/C_/Users/denis/.pico-sdk/sdk/1.5.1/src/rp2_common/pico_malloc/pico_malloc.c.obj (realloc)
C:/Users/denis/.pico-sdk/toolchain/13_2_Rel1/bin/../lib/gcc/arm-none-eabi/13.2.1/thumb/v6-m/nofp\libg.a(libc_a-reallocr.o)
                              C:/Users/denis/.pico-sdk/toolchain/13_2_Rel1/bin/../lib/gcc/arm-none-eabi/13.2.1/thumb/v6-m/nofp\libg.a(libc_a-realloc.o) (_realloc_r)
C:/Users/denis/.pico-sdk/toolchain/13_2_Rel1/bin/../lib/gcc/arm-none-eabi/13.2.1/thumb/v6-m/nofp\libg.a(libc_a-strtol.o)
                              C:/Users/denis/.pico-sdk/toolchain/13_2_Rel1/bin/../lib/gcc/arm-none-eabi/13.2.1/thumb/v6-m/nofp\libg.a(libc_a-atoi.o) (_strtol_r)
C:/Users/denis/.pico-sdk/toolchain/13_2_Rel1/bin/../lib/gcc/arm-none-eabi/13.2.1/thumb/v6-m/nofp\libg.a(libc_a-ctype_.o)
                              CMakeFiles/Tarefa_Unidade_II_MQTT.dir/inc/ssd1306_i2c.c.obj (_ctype_)
C:/Users/denis/.pico-sdk/toolchain/13_2_Rel1/bin/../lib/gcc/arm-none-eabi/13.2.1/thumb/v6-m/nofp\libg.a(libc_a-memcmp.o)
                              CMakeFiles/Tarefa_Unidade_II_MQTT.dir/C_/Users/denis/.pico-sdk/sdk/1.5.1/lib/lwip/src/netif/ethernet.c.obj (memcmp)
C:/Users/denis/.pico-sdk/toolchain/13_2_Rel1/bin/../lib/gcc/arm-none-eabi/13.2.1/thumb/v6-m/nofp\libg.a(libc_a-memmove.o)
                              CMakeFiles/Tarefa_Unidade_II_MQTT.dir/C_/Users/denis/.pico-sdk/sdk/1.5.1/lib/lwip/src/core/def.c.obj (memmove)
C:/Users/denis/.pico-sdk/toolchain/13_2_Rel1/bin/../lib/gcc/arm-none-eabi/13.2.1/thumb/v6-m/nofp\libg.a(libc_a-strncmp.o)
                              CMakeFiles/Tarefa_Unidade_II_MQTT.dir/C_/Users/denis/.pico-sdk/sdk/1.5.1/lib/lwip/src/core/def.c.obj (strncmp)
C:/Users/denis/.pico-sdk/toolchain/13_2_Rel1/bin/../lib/gcc/arm-none-eabi/13.2.1/thumb/v6-m/nofp\libg.a(libc_a-strncpy.o)
                              CMakeFiles/Tarefa_Unidade_II_MQTT.dir/mqtt_configuracao.c.obj (strncpy)
C:/Users/denis/.pico-sdk/toolchain/13_2_Rel1/bin/../lib/gcc/arm-none-eabi/13.2.1/thumb/v6-m/nofp\libg.a(libc_a-impure.o)
                              C:/Users/denis/.pico-sdk/toolchain/13_2_Rel1/bin/../lib/gcc/arm-none-eabi/13.2.1/thumb/v6-m/nofp\libg.a(libc_a-calloc.o) (_impure_ptr)
C:/Users/denis/.pico-sdk/toolchain/13_2_Rel1/bin/../lib/gcc/arm-none-eabi/13.2.1/thumb/v6-m/nofp\libg.a(libc_a-sbrkr.o)
                              C:/Users/denis/.pico-sdk/toolchain/13_2_Rel1/bin/../lib/gcc/arm-none-eabi/13.2.1/thumb/v6-m/nofp\libg.a(libc_a-mallocr.o) (_sbrk_r)
C:/Users/denis/.pico-sdk/toolchain/13_2_Rel1/bin/../lib/gcc/arm-none-eabi/13.2.1/thumb/v6-m/nofp\libg.a(libc_a-errno.o)
                              C:/Users/denis/.pico-sdk/toolchain/13_2_Rel1/bin/../lib/gcc/arm-none-eabi/13.2.1/thumb/v6-m/nofp\libg.a(libc_a-callocr.o) (__errno)
[...]
Memory Configuration

Name             Origin             Length             Attributes
FLASH            0x10000000         0x00200000         xr
RAM              0x20000000         0x00040000         xrw
SCRATCH_X        0x20040000         0x00001000         xrw
SCRATCH_Y        0x20041000         0x00001000         xrw
*default*        0x00000000         0xffffffff

Linker script and memory map

LOAD C:/Users/denis/.pico-sdk/toolchain/13_2_Rel1/bin/../lib/gcc/arm-none-eabi/13.2.1/thumb/v6-m/nofp/crti.o
LOAD C:/Users/denis/.pico-sdk/toolchain/13_2_Rel1/bin/../lib/gcc/arm-none-eabi/13.2.1/thumb/v6-m/nofp/crtbegin.o
LOAD C:/Users/denis/.pico-sdk/toolchain/13_2_Rel1/bin/../lib/gcc/arm-none-eabi/13.2.1/thumb/v6-m/nofp/crt0.o

.flash_begin    0x10000000        0x0
                0x10000000                        __flash_binary_start = .

.boot2          0x10000000      0x100
                0x10000000                        __boot2_start__ = .
 *(.boot2)
 .boot2         0x10000000      0x100 C:\Users\denis\AppData\Local\Temp\ccUN693F.o
                0x10000100                        __boot2_end__ = .
                0x00000001                        ASSERT (((__boot2_end__ - __boot2_start__) == 0x100), ERROR: Pico second stage bootloader must be 256 bytes in size)

.text           0x10000100    0x16d80
                0x10000100                        __logical_binary_start = .
 *(.vectors)
 .vectors       0x10000100       0xd4 CMakeFiles/Tarefa_Unidade_II_MQTT.dir/C_/Users/denis/.pico-sdk/sdk/1.5.1/src/rp2_common/pico_standard_link/crt0.S.obj
                0x10000100                __VECTOR_TABLE
                0x10000100                __vectors
                0x100001c0                isr_invalid
                0x100001c0                __default_isrs_start
                0x100001c2                isr_nmi
                0x100001c4                isr_hardfault
                0x100001c6                isr_svcall
                0x100001c8                isr_pendsv
                0x100001ca                isr_systick
                0x100001cc                isr_irq23
                0x100001cc                isr_irq18
                0x100001cc                isr_irq11
                0x100001cc                isr_irq28
                0x100001cc                isr_irq19
                0x100001cc                isr_irq0
                0x100001cc                isr_irq6
                0x100001cc                isr_irq5
                0x100001cc                isr_irq12
                0x100001cc                isr_irq22
                0x100001cc                isr_irq31
                0x100001cc                isr_irq17
                0x100001cc                isr_irq27
                0x100001cc                isr_irq30
                0x100001cc                isr_irq2
                0x100001cc                isr_irq10
                0x100001cc                isr_irq8
                0x100001cc                isr_irq24
                0x100001cc                isr_irq1
                0x100001cc                isr_irq7
                0x100001cc                isr_irq21
                0x100001cc                isr_irq20
                0x100001cc                isr_irq15
                0x100001cc                isr_irq25
                0x100001cc                isr_irq13
                0x100001cc                __unhandled_user_irq
                0x100001cc                isr_irq4
                0x100001cc                isr_irq16
                0x100001cc                isr_irq29
                0x100001cc                isr_irq26
                0x100001cc                __default_isrs_end
                0x100001cc                isr_irq3
                0x100001cc                isr_irq14
                0x100001cc                isr_irq9
                0x100001d2                unhandled_user_irq_num_in_r0
 *(.binary_info_header)
 .binary_info_header
                0x100001d4       0x14 CMakeFiles/Tarefa_Unidade_II_MQTT.dir/C_/Users/denis/.pico-sdk/sdk/1.5.1/src/rp2_common/pico_standard_link/crt0.S.obj
                0x100001e8                        __binary_info_header_end = .
 *(.reset)
 .reset         0x100001e8       0xa0 CMakeFiles/Tarefa_Unidade_II_MQTT.dir/C_/Users/denis/.pico-sdk/sdk/1.5.1/src/rp2_common/pico_standard_link/crt0.S.obj
                0x100001e8                _entry_point
 .reset         0x10000288       0x30 CMakeFiles/Tarefa_Unidade_II_MQTT.dir/C_/Users/denis/.pico-sdk/sdk/1.5.1/src/rp2_common/pico_standard_link/binary_info.c.obj
 *(.init)
 .init          0x100002b8        0x4 C:/Users/denis/.pico-sdk/toolchain/13_2_Rel1/bin/../lib/gcc/arm-none-eabi/13.2.1/thumb/v6-m/nofp/crti.o
                0x100002b8                _init
 *(EXCLUDE_FILE(*libm.a: *libc.a:*lib_a-mem*.o *libgcc.a:) .text*)
 .text.register_tm_clones
                0x100002bc       0x28 C:/Users/denis/.pico-sdk/toolchain/13_2_Rel1/bin/../lib/gcc/arm-none-eabi/13.2.1/thumb/v6-m/nofp/crtbegin.o
 .text.frame_dummy
                0x100002e4       0x24 C:/Users/denis/.pico-sdk/toolchain/13_2_Rel1/bin/../lib/gcc/arm-none-eabi/13.2.1/thumb/v6-m/nofp/crtbegin.o
 .text.to_ms_since_boot
                0x10000308       0x1c CMakeFiles/Tarefa_Unidade_II_MQTT.dir/MQTT.c.obj
 .text.callback_mqtt
                0x10000324       0xcc CMakeFiles/Tarefa_Unidade_II_MQTT.dir/MQTT.c.obj
                0x10000324                callback_mqtt
 .text.update_us_since_boot
                0x100003f0       0x24 CMakeFiles/Tarefa_Unidade_II_MQTT.dir/MQTT.c.obj
 .text.get_absolute_time
                0x10000414       0x22 CMakeFiles/Tarefa_Unidade_II_MQTT.dir/MQTT.c.obj
 *fill*         0x10000436        0x2 
 .text.main     0x10000438      0x2e8 CMakeFiles/Tarefa_Unidade_II_MQTT.dir/MQTT.c.obj
                0x10000438                main
 .text.inicializar_pinos
                0x10000720       0x14 CMakeFiles/Tarefa_Unidade_II_MQTT.dir/leitura_sensor.c.obj
                0x10000720                inicializar_pinos
 .text.ler_temperatura
                0x10000734       0xcc CMakeFiles/Tarefa_Unidade_II_MQTT.dir/leitura_sensor.c.obj
                0x10000734                ler_temperatura
 .text.callback_conexao_mqtt
                0x10000800       0x30 CMakeFiles/Tarefa_Unidade_II_MQTT.dir/mqtt_configuracao.c.obj
                0x10000800                callback_conexao_mqtt
 .text.callback_publicacao_concluida_mqtt
                0x10000830       0x10 CMakeFiles/Tarefa_Unidade_II_MQTT.dir/mqtt_configuracao.c.obj
                0x10000830                callback_publicacao_concluida_mqtt
 .text.callback_solicitacao_sub_mqtt
                0x10000840       0x28 CMakeFiles/Tarefa_Unidade_II_MQTT.dir/mqtt_configuracao.c.obj
                0x10000840                callback_solicitacao_sub_mqtt
 .text.callback_publicacao_chegando_mqtt
                0x10000868       0x28 CMakeFiles/Tarefa_Unidade_II_MQTT.dir/mqtt_configuracao.c.obj
                0x10000868                callback_publicacao_chegando_mqtt
 .text.callback_dados_chegando_mqtt
                0x10000890       0x3c CMakeFiles/Tarefa_Unidade_II_MQTT.dir/mqtt_configuracao.c.obj
                0x10000890                callback_dados_chegando_mqtt
 .text.inicializar_mqtt
                0x100008cc       0xb0 CMakeFiles/Tarefa_Unidade_II_MQTT.dir/mqtt_configuracao.c.obj
                0x100008cc                inicializar_mqtt
 .text.publicar_mensagem
                0x1000097c       0x74 CMakeFiles/Tarefa_Unidade_II_MQTT.dir/mqtt_configuracao.c.obj
                0x1000097c                publicar_mensagem
 .text.definir_callback_usuario_mqtt
                0x100009f0        0xc CMakeFiles/Tarefa_Unidade_II_MQTT.dir/mqtt_configuracao.c.obj
                0x100009f0                definir_callback_usuario_mqtt
 .text.subscrever_topico_mqtt
                0x100009fc       0x74 CMakeFiles/Tarefa_Unidade_II_MQTT.dir/mqtt_configuracao.c.obj
                0x100009fc                subscrever_topico_mqtt
 .text.calculate_render_area_buffer_length
                0x10000a70       0x16 CMakeFiles/Tarefa_Unidade_II_MQTT.dir/inc/ssd1306_i2c.c.obj
                0x10000a70                calculate_render_area_buffer_length
 *fill*         0x10000a86        0x2 
 .text.ssd1306_send_command
                0x10000a88       0x24 CMakeFiles/Tarefa_Unidade_II_MQTT.dir/inc/ssd1306_i2c.c.obj
                0x10000a88                ssd1306_send_command
 .text.ssd1306_send_command_list
                0x10000aac       0x18 CMakeFiles/Tarefa_Unidade_II_MQTT.dir/inc/ssd1306_i2c.c.obj
                0x10000aac                ssd1306_send_command_list
 .text.ssd1306_send_buffer
                0x10000ac4       0x40 CMakeFiles/Tarefa_Unidade_II_MQTT.dir/inc/ssd1306_i2c.c.obj
                0x10000ac4                ssd1306_send_buffer
 .text.ssd1306_init
                0x10000b04       0x2c CMakeFiles/Tarefa_Unidade_II_MQTT.dir/inc/ssd1306_i2c.c.obj
                0x10000b04                ssd1306_init
 .text.render_on_display
                0x10000b30       0x36 CMakeFiles/Tarefa_Unidade_II_MQTT.dir/inc/ssd1306_i2c.c.obj
                0x10000b30                render_on_display
 *fill*         0x10000b66        0x2 
 .text.ssd1306_draw_char
                0x10000b68       0x70 CMakeFiles/Tarefa_Unidade_II_MQTT.dir/inc/ssd1306_i2c.c.obj
                0x10000b68                ssd1306_draw_char
 .text.ssd1306_draw_string
                0x10000bd8       0x2c CMakeFiles/Tarefa_Unidade_II_MQTT.dir/inc/ssd1306_i2c.c.obj
                0x10000bd8                ssd1306_draw_string
 .text.gpio_set_function
                0x10000c04       0x30 CMakeFiles/Tarefa_Unidade_II_MQTT.dir/C_/Users/denis/.pico-sdk/sdk/1.5.1/src/rp2_common/hardware_gpio/gpio.c.obj
                0x10000c04                gpio_set_function
 .text.gpio_set_pulls
                0x10000c34       0x34 CMakeFiles/Tarefa_Unidade_II_MQTT.dir/C_/Users/denis/.pico-sdk/sdk/1.5.1/src/rp2_common/hardware_gpio/gpio.c.obj
                0x10000c34                gpio_set_pulls
 .text.gpio_set_input_hysteresis_enabled
                0x10000c68       0x30 CMakeFiles/Tarefa_Unidade_II_MQTT.dir/C_/Users/denis/.pico-sdk/sdk/1.5.1/src/rp2_common/hardware_gpio/gpio.c.obj
                0x10000c68                gpio_set_input_hysteresis_enabled
 .text.gpio_add_raw_irq_handler_with_order_priority_masked
                0x10000c98       0x40 CMakeFiles/Tarefa_Unidade_II_MQTT.dir/C_/Users/denis/.pico-sdk/sdk/1.5.1/src/rp2_common/hardware_gpio/gpio.c.obj
                0x10000c98                gpio_add_raw_irq_handler_with_order_priority_masked
 .text.gpio_remove_raw_irq_handler_masked
                0x10000cd8       0x48 CMakeFiles/Tarefa_Unidade_II_MQTT.dir/C_/Users/denis/.pico-sdk/sdk/1.5.1/src/rp2_common/hardware_gpio/gpio.c.obj
                0x10000cd8                gpio_remove_raw_irq_handler_masked
 .text.gpio_acknowledge_irq
                0x10000d20       0x18 CMakeFiles/Tarefa_Unidade_II_MQTT.dir/C_/Users/denis/.pico-sdk/sdk/1.5.1/src/rp2_common/hardware_gpio/gpio.c.obj
                0x10000d20                gpio_acknowledge_irq
 .text._gpio_set_irq_enabled
                0x10000d38       0x34 CMakeFiles/Tarefa_Unidade_II_MQTT.dir/C_/Users/denis/.pico-sdk/sdk/1.5.1/src/rp2_common/hardware_gpio/gpio.c.obj
 .text.gpio_set_irq_enabled
                0x10000d6c       0x20 CMakeFiles/Tarefa_Unidade_II_MQTT.dir/C_/Users/denis/.pico-sdk/sdk/1.5.1/src/rp2_common/hardware_gpio/gpio.c.obj
                0x10000d6c                gpio_set_irq_enabled
 .text.gpio_init
                0x10000d8c       0x16 CMakeFiles/Tarefa_Unidade_II_MQTT.dir/C_/Users/denis/.pico-sdk/sdk/1.5.1/src/rp2_common/hardware_gpio/gpio.c.obj
                0x10000d8c                gpio_init
 *fill*         0x10000da2        0x2 
 .text.running_on_fpga
                0x10000da4       0x14 CMakeFiles/Tarefa_Unidade_II_MQTT.dir/C_/Users/denis/.pico-sdk/sdk/1.5.1/src/rp2_common/pico_platform/platform.c.obj
                0x10000da4                running_on_fpga
 .text.hw_claim_lock
                0x10000db8       0x18 CMakeFiles/Tarefa_Unidade_II_MQTT.dir/C_/Users/denis/.pico-sdk/sdk/1.5.1/src/rp2_common/hardware_claim/claim.c.obj
                0x10000db8                hw_claim_lock
 .text.hw_claim_unlock
                0x10000dd0       0x14 CMakeFiles/Tarefa_Unidade_II_MQTT.dir/C_/Users/denis/.pico-sdk/sdk/1.5.1/src/rp2_common/hardware_claim/claim.c.obj
                0x10000dd0                hw_claim_unlock
 .text.hw_claim_or_assert
                0x10000de4       0x32 CMakeFiles/Tarefa_Unidade_II_MQTT.dir/C_/Users/denis/.pico-sdk/sdk/1.5.1/src/rp2_common/hardware_claim/claim.c.obj
                0x10000de4                hw_claim_or_assert
 .text.hw_claim_unused_from_range
                0x10000e16       0x50 CMakeFiles/Tarefa_Unidade_II_MQTT.dir/C_/Users/denis/.pico-sdk/sdk/1.5.1/src/rp2_common/hardware_claim/claim.c.obj
                0x10000e16                hw_claim_unused_from_range
 *fill*         0x10000e66        0x2 
 .text.hw_claim_clear
                0x10000e68       0x40 CMakeFiles/Tarefa_Unidade_II_MQTT.dir/C_/Users/denis/.pico-sdk/sdk/1.5.1/src/rp2_common/hardware_claim/claim.c.obj
                0x10000e68                hw_claim_clear
 .text.spin_locks_reset
                0x10000ea8       0x20 CMakeFiles/Tarefa_Unidade_II_MQTT.dir/C_/Users/denis/.pico-sdk/sdk/1.5.1/src/rp2_common/hardware_sync/sync.c.obj
                0x10000ea8                spin_locks_reset
 .text.next_striped_spin_lock_num
                0x10000ec8       0x1c CMakeFiles/Tarefa_Unidade_II_MQTT.dir/C_/Users/denis/.pico-sdk/sdk/1.5.1/src/rp2_common/hardware_sync/sync.c.obj
                0x10000ec8                next_striped_spin_lock_num
 .text.spin_lock_claim_unused
                0x10000ee4       0x24 CMakeFiles/Tarefa_Unidade_II_MQTT.dir/C_/Users/denis/.pico-sdk/sdk/1.5.1/src/rp2_common/hardware_sync/sync.c.obj
                0x10000ee4                spin_lock_claim_unused
 .text.set_raw_irq_handler_and_unlock
                0x10000f08       0x28 CMakeFiles/Tarefa_Unidade_II_MQTT.dir/C_/Users/denis/.pico-sdk/sdk/1.5.1/src/rp2_common/hardware_irq/irq.c.obj
 .text.get_user_irq_claim_index
                0x10000f30        0x6 CMakeFiles/Tarefa_Unidade_II_MQTT.dir/C_/Users/denis/.pico-sdk/sdk/1.5.1/src/rp2_common/hardware_irq/irq.c.obj
 *fill*         0x10000f36        0x2 
 .text.resolve_branch
                0x10000f38       0x30 CMakeFiles/Tarefa_Unidade_II_MQTT.dir/C_/Users/denis/.pico-sdk/sdk/1.5.1/src/rp2_common/hardware_irq/irq.c.obj
 .text.make_branch
                0x10000f68       0x48 CMakeFiles/Tarefa_Unidade_II_MQTT.dir/C_/Users/denis/.pico-sdk/sdk/1.5.1/src/rp2_common/hardware_irq/irq.c.obj
 .text.insert_branch_and_link
                0x10000fb0       0x40 CMakeFiles/Tarefa_Unidade_II_MQTT.dir/C_/Users/denis/.pico-sdk/sdk/1.5.1/src/rp2_common/hardware_irq/irq.c.obj
 .text.irq_is_enabled
                0x10000ff0       0x18 CMakeFiles/Tarefa_Unidade_II_MQTT.dir/C_/Users/denis/.pico-sdk/sdk/1.5.1/src/rp2_common/hardware_irq/irq.c.obj
                0x10000ff0                irq_is_enabled
 .text.irq_set_mask_enabled
                0x10001008       0x20 CMakeFiles/Tarefa_Unidade_II_MQTT.dir/C_/Users/denis/.pico-sdk/sdk/1.5.1/src/rp2_common/hardware_irq/irq.c.obj
                0x10001008                irq_set_mask_enabled
 .text.irq_set_enabled
                0x10001028        0xe CMakeFiles/Tarefa_Unidade_II_MQTT.dir/C_/Users/denis/.pico-sdk/sdk/1.5.1/src/rp2_common/hardware_irq/irq.c.obj
                0x10001028                irq_set_enabled
 *fill*         0x10001036        0x2 
 .text.irq_set_pending
                0x10001038       0x10 CMakeFiles/Tarefa_Unidade_II_MQTT.dir/C_/Users/denis/.pico-sdk/sdk/1.5.1/src/rp2_common/hardware_irq/irq.c.obj
                0x10001038                irq_set_pending
 .text.irq_get_vtable_handler
                0x10001048       0x10 CMakeFiles/Tarefa_Unidade_II_MQTT.dir/C_/Users/denis/.pico-sdk/sdk/1.5.1/src/rp2_common/hardware_irq/irq.c.obj
                0x10001048                irq_get_vtable_handler
 .text.irq_has_shared_handler
                0x10001058       0x24 CMakeFiles/Tarefa_Unidade_II_MQTT.dir/C_/Users/denis/.pico-sdk/sdk/1.5.1/src/rp2_common/hardware_irq/irq.c.obj
                0x10001058                irq_has_shared_handler
 .text.irq_set_exclusive_handler
                0x1000107c       0x54 CMakeFiles/Tarefa_Unidade_II_MQTT.dir/C_/Users/denis/.pico-sdk/sdk/1.5.1/src/rp2_common/hardware_irq/irq.c.obj
                0x1000107c                irq_set_exclusive_handler
 .text.irq_add_shared_handler
                0x100010d0      0x210 CMakeFiles/Tarefa_Unidade_II_MQTT.dir/C_/Users/denis/.pico-sdk/sdk/1.5.1/src/rp2_common/hardware_irq/irq.c.obj
                0x100010d0                irq_add_shared_handler
 .text.irq_remove_handler
                0x100012e0      0x188 CMakeFiles/Tarefa_Unidade_II_MQTT.dir/C_/Users/denis/.pico-sdk/sdk/1.5.1/src/rp2_common/hardware_irq/irq.c.obj
                0x100012e0                irq_remove_handler
 .text.irq_set_priority
                0x10001468       0x28 CMakeFiles/Tarefa_Unidade_II_MQTT.dir/C_/Users/denis/.pico-sdk/sdk/1.5.1/src/rp2_common/hardware_irq/irq.c.obj
                0x10001468                irq_set_priority
 .text.irq_add_tail_to_free_list
                0x10001490       0xf0 CMakeFiles/Tarefa_Unidade_II_MQTT.dir/C_/Users/denis/.pico-sdk/sdk/1.5.1/src/rp2_common/hardware_irq/irq.c.obj
                0x10001490                irq_add_tail_to_free_list
 .text.irq_init_priorities
                0x10001580       0x1c CMakeFiles/Tarefa_Unidade_II_MQTT.dir/C_/Users/denis/.pico-sdk/sdk/1.5.1/src/rp2_common/hardware_irq/irq.c.obj
                0x10001580                irq_init_priorities
 .text.user_irq_unclaim
                0x1000159c       0x18 CMakeFiles/Tarefa_Unidade_II_MQTT.dir/C_/Users/denis/.pico-sdk/sdk/1.5.1/src/rp2_common/hardware_irq/irq.c.obj
                0x1000159c                user_irq_unclaim
 .text.user_irq_claim_unused
                0x100015b4       0x2c CMakeFiles/Tarefa_Unidade_II_MQTT.dir/C_/Users/denis/.pico-sdk/sdk/1.5.1/src/rp2_common/hardware_irq/irq.c.obj
                0x100015b4                user_irq_claim_unused
 .text.sem_init
                0x100015e0       0x1e CMakeFiles/Tarefa_Unidade_II_MQTT.dir/C_/Users/denis/.pico-sdk/sdk/1.5.1/src/common/pico_sync/sem.c.obj
                0x100015e0                sem_init
 *fill*         0x100015fe        0x2 
 .text.lock_init
                0x10001600       0x10 CMakeFiles/Tarefa_Unidade_II_MQTT.dir/C_/Users/denis/.pico-sdk/sdk/1.5.1/src/common/pico_sync/lock_core.c.obj
                0x10001600                lock_init
 .text.update_us_since_boot
                0x10001610       0x24 CMakeFiles/Tarefa_Unidade_II_MQTT.dir/C_/Users/denis/.pico-sdk/sdk/1.5.1/src/common/pico_sync/mutex.c.obj
 .text.delayed_by_ms
                0x10001634       0x44 CMakeFiles/Tarefa_Unidade_II_MQTT.dir/C_/Users/denis/.pico-sdk/sdk/1.5.1/src/common/pico_sync/mutex.c.obj
 .text.get_absolute_time
                0x10001678       0x22 CMakeFiles/Tarefa_Unidade_II_MQTT.dir/C_/Users/denis/.pico-sdk/sdk/1.5.1/src/common/pico_sync/mutex.c.obj
 .text.make_timeout_time_ms
                0x1000169a       0x20 CMakeFiles/Tarefa_Unidade_II_MQTT.dir/C_/Users/denis/.pico-sdk/sdk/1.5.1/src/common/pico_sync/mutex.c.obj
 .text.mutex_init
                0x100016ba       0x1a CMakeFiles/Tarefa_Unidade_II_MQTT.dir/C_/Users/denis/.pico-sdk/sdk/1.5.1/src/common/pico_sync/mutex.c.obj
                0x100016ba                mutex_init
 .text.recursive_mutex_init
                0x100016d4       0x1e CMakeFiles/Tarefa_Unidade_II_MQTT.dir/C_/Users/denis/.pico-sdk/sdk/1.5.1/src/common/pico_sync/mutex.c.obj
                0x100016d4                recursive_mutex_init
 *fill*         0x100016f2        0x2 
 .text.critical_section_init_with_lock_num
                0x100016f4       0x14 CMakeFiles/Tarefa_Unidade_II_MQTT.dir/C_/Users/denis/.pico-sdk/sdk/1.5.1/src/common/pico_sync/critical_section.c.obj
                0x100016f4                critical_section_init_with_lock_num
 .text.critical_section_init
                0x10001708       0x14 CMakeFiles/Tarefa_Unidade_II_MQTT.dir/C_/Users/denis/.pico-sdk/sdk/1.5.1/src/common/pico_sync/critical_section.c.obj
                0x10001708                critical_section_init
 .text.time_reached
                0x1000171c       0x28 CMakeFiles/Tarefa_Unidade_II_MQTT.dir/C_/Users/denis/.pico-sdk/sdk/1.5.1/src/common/pico_time/time.c.obj
 .text.get_entry
                0x10001744       0x38 CMakeFiles/Tarefa_Unidade_II_MQTT.dir/C_/Users/denis/.pico-sdk/sdk/1.5.1/src/common/pico_time/time.c.obj
 .text.timer_pool_entry_comparator
                0x1000177c       0x2e CMakeFiles/Tarefa_Unidade_II_MQTT.dir/C_/Users/denis/.pico-sdk/sdk/1.5.1/src/common/pico_time/time.c.obj
                0x1000177c                timer_pool_entry_comparator
 *fill*         0x100017aa        0x2 
 .text.update_us_since_boot
                0x100017ac       0x24 CMakeFiles/Tarefa_Unidade_II_MQTT.dir/C_/Users/denis/.pico-sdk/sdk/1.5.1/src/common/pico_time/time.c.obj
 .text.delayed_by_us
                0x100017d0       0x34 CMakeFiles/Tarefa_Unidade_II_MQTT.dir/C_/Users/denis/.pico-sdk/sdk/1.5.1/src/common/pico_time/time.c.obj
 .text.ph_get_node
                0x10001804       0x30 CMakeFiles/Tarefa_Unidade_II_MQTT.dir/C_/Users/denis/.pico-sdk/sdk/1.5.1/src/common/pico_time/time.c.obj
 .text.ph_contains_node
                0x10001834       0x1e CMakeFiles/Tarefa_Unidade_II_MQTT.dir/C_/Users/denis/.pico-sdk/sdk/1.5.1/src/common/pico_time/time.c.obj
 .text.ph_new_node
                0x10001852       0x28 CMakeFiles/Tarefa_Unidade_II_MQTT.dir/C_/Users/denis/.pico-sdk/sdk/1.5.1/src/common/pico_time/time.c.obj
 *fill*         0x1000187a        0x2 
 .text.ph_add_child_node
                0x1000187c       0x6c CMakeFiles/Tarefa_Unidade_II_MQTT.dir/C_/Users/denis/.pico-sdk/sdk/1.5.1/src/common/pico_time/time.c.obj
 .text.ph_merge_nodes
                0x100018e8       0x3e CMakeFiles/Tarefa_Unidade_II_MQTT.dir/C_/Users/denis/.pico-sdk/sdk/1.5.1/src/common/pico_time/time.c.obj
 *fill*         0x10001926        0x2 
 .text.ph_insert_node
                0x10001928       0x3c CMakeFiles/Tarefa_Unidade_II_MQTT.dir/C_/Users/denis/.pico-sdk/sdk/1.5.1/src/common/pico_time/time.c.obj
 .text.ph_free_node
                0x10001964       0x5c CMakeFiles/Tarefa_Unidade_II_MQTT.dir/C_/Users/denis/.pico-sdk/sdk/1.5.1/src/common/pico_time/time.c.obj
 .text.get_entry_id_high
                0x100019c0       0x30 CMakeFiles/Tarefa_Unidade_II_MQTT.dir/C_/Users/denis/.pico-sdk/sdk/1.5.1/src/common/pico_time/time.c.obj
 .text.alarm_pool_post_alloc_init
                0x100019f0       0x40 CMakeFiles/Tarefa_Unidade_II_MQTT.dir/C_/Users/denis/.pico-sdk/sdk/1.5.1/src/common/pico_time/time.c.obj
 .text.sleep_until_callback
                0x10001a30       0x30 CMakeFiles/Tarefa_Unidade_II_MQTT.dir/C_/Users/denis/.pico-sdk/sdk/1.5.1/src/common/pico_time/time.c.obj
 .text.get_absolute_time
                0x10001a60       0x22 CMakeFiles/Tarefa_Unidade_II_MQTT.dir/C_/Users/denis/.pico-sdk/sdk/1.5.1/src/common/pico_time/time.c.obj
 .text.make_timeout_time_us
                0x10001a82       0x24 CMakeFiles/Tarefa_Unidade_II_MQTT.dir/C_/Users/denis/.pico-sdk/sdk/1.5.1/src/common/pico_time/time.c.obj
 *fill*         0x10001aa6        0x2 
 .text.add_alarm_under_lock
                0x10001aa8       0x94 CMakeFiles/Tarefa_Unidade_II_MQTT.dir/C_/Users/denis/.pico-sdk/sdk/1.5.1/src/common/pico_time/time.c.obj
 .text.alarm_pool_alarm_callback
                0x10001b3c      0x210 CMakeFiles/Tarefa_Unidade_II_MQTT.dir/C_/Users/denis/.pico-sdk/sdk/1.5.1/src/common/pico_time/time.c.obj
 .text.alarm_pool_init_default
                0x10001d4c       0x40 CMakeFiles/Tarefa_Unidade_II_MQTT.dir/C_/Users/denis/.pico-sdk/sdk/1.5.1/src/common/pico_time/time.c.obj
                0x10001d4c                alarm_pool_init_default
 .text.alarm_pool_get_default
                0x10001d8c       0x2c CMakeFiles/Tarefa_Unidade_II_MQTT.dir/C_/Users/denis/.pico-sdk/sdk/1.5.1/src/common/pico_time/time.c.obj
                0x10001d8c                alarm_pool_get_default
 .text.alarm_pool_add_alarm_at
                0x10001db8      0x10e CMakeFiles/Tarefa_Unidade_II_MQTT.dir/C_/Users/denis/.pico-sdk/sdk/1.5.1/src/common/pico_time/time.c.obj
                0x10001db8                alarm_pool_add_alarm_at
 .text.add_alarm_at
                0x10001ec6       0x2e CMakeFiles/Tarefa_Unidade_II_MQTT.dir/C_/Users/denis/.pico-sdk/sdk/1.5.1/src/common/pico_time/time.c.obj
 .text.alarm_pool_cancel_alarm
                0x10001ef4       0xa8 CMakeFiles/Tarefa_Unidade_II_MQTT.dir/C_/Users/denis/.pico-sdk/sdk/1.5.1/src/common/pico_time/time.c.obj
                0x10001ef4                alarm_pool_cancel_alarm
 .text.cancel_alarm
                0x10001f9c       0x10 CMakeFiles/Tarefa_Unidade_II_MQTT.dir/C_/Users/denis/.pico-sdk/sdk/1.5.1/src/common/pico_time/time.c.obj
 .text.alarm_pool_core_num
                0x10001fac        0x4 CMakeFiles/Tarefa_Unidade_II_MQTT.dir/C_/Users/denis/.pico-sdk/sdk/1.5.1/src/common/pico_time/time.c.obj
                0x10001fac                alarm_pool_core_num
 .text.sleep_until
                0x10001fb0       0xb0 CMakeFiles/Tarefa_Unidade_II_MQTT.dir/C_/Users/denis/.pico-sdk/sdk/1.5.1/src/common/pico_time/time.c.obj
                0x10001fb0                sleep_until
 .text.sleep_us
                0x10002060       0x1a CMakeFiles/Tarefa_Unidade_II_MQTT.dir/C_/Users/denis/.pico-sdk/sdk/1.5.1/src/common/pico_time/time.c.obj
                0x10002060                sleep_us
 .text.sleep_ms
                0x1000207a       0x14 CMakeFiles/Tarefa_Unidade_II_MQTT.dir/C_/Users/denis/.pico-sdk/sdk/1.5.1/src/common/pico_time/time.c.obj
                0x1000207a                sleep_ms
 *fill*         0x1000208e        0x2 
 .text.best_effort_wfe_or_timeout
                0x10002090       0x44 CMakeFiles/Tarefa_Unidade_II_MQTT.dir/C_/Users/denis/.pico-sdk/sdk/1.5.1/src/common/pico_time/time.c.obj
                0x10002090                best_effort_wfe_or_timeout
 .text.hardware_alarm_irq_handler
                0x100020d4       0x8c CMakeFiles/Tarefa_Unidade_II_MQTT.dir/C_/Users/denis/.pico-sdk/sdk/1.5.1/src/rp2_common/hardware_timer/timer.c.obj
 .text.hardware_alarm_claim
                0x10002160       0x18 CMakeFiles/Tarefa_Unidade_II_MQTT.dir/C_/Users/denis/.pico-sdk/sdk/1.5.1/src/rp2_common/hardware_timer/timer.c.obj
                0x10002160                hardware_alarm_claim
 .text.time_us_64
                0x10002178       0x18 CMakeFiles/Tarefa_Unidade_II_MQTT.dir/C_/Users/denis/.pico-sdk/sdk/1.5.1/src/rp2_common/hardware_timer/timer.c.obj
                0x10002178                time_us_64
 .text.busy_wait_until
                0x10002190       0x28 CMakeFiles/Tarefa_Unidade_II_MQTT.dir/C_/Users/denis/.pico-sdk/sdk/1.5.1/src/rp2_common/hardware_timer/timer.c.obj
                0x10002190                busy_wait_until
 .text.hardware_alarm_set_callback
                0x100021b8       0x90 CMakeFiles/Tarefa_Unidade_II_MQTT.dir/C_/Users/denis/.pico-sdk/sdk/1.5.1/src/rp2_common/hardware_timer/timer.c.obj
                0x100021b8                hardware_alarm_set_callback
 .text.hardware_alarm_set_target
                0x10002248       0xe8 CMakeFiles/Tarefa_Unidade_II_MQTT.dir/C_/Users/denis/.pico-sdk/sdk/1.5.1/src/rp2_common/hardware_timer/timer.c.obj
                0x10002248                hardware_alarm_set_target
 .text.hardware_alarm_cancel
                0x10002330       0x40 CMakeFiles/Tarefa_Unidade_II_MQTT.dir/C_/Users/denis/.pico-sdk/sdk/1.5.1/src/rp2_common/hardware_timer/timer.c.obj
                0x10002330                hardware_alarm_cancel
 .text.ph_get_node
                0x10002370       0x30 CMakeFiles/Tarefa_Unidade_II_MQTT.dir/C_/Users/denis/.pico-sdk/sdk/1.5.1/src/common/pico_util/pheap.c.obj
 .text.ph_add_child_node
                0x100023a0       0x6c CMakeFiles/Tarefa_Unidade_II_MQTT.dir/C_/Users/denis/.pico-sdk/sdk/1.5.1/src/common/pico_util/pheap.c.obj
 .text.ph_merge_nodes
                0x1000240c       0x3e CMakeFiles/Tarefa_Unidade_II_MQTT.dir/C_/Users/denis/.pico-sdk/sdk/1.5.1/src/common/pico_util/pheap.c.obj
 .text.ph_clear
                0x1000244a       0x34 CMakeFiles/Tarefa_Unidade_II_MQTT.dir/C_/Users/denis/.pico-sdk/sdk/1.5.1/src/common/pico_util/pheap.c.obj
                0x1000244a                ph_clear
 .text.ph_post_alloc_init
                0x1000247e        0xe CMakeFiles/Tarefa_Unidade_II_MQTT.dir/C_/Users/denis/.pico-sdk/sdk/1.5.1/src/common/pico_util/pheap.c.obj
                0x1000247e                ph_post_alloc_init
 .text.ph_merge_two_pass
                0x1000248c       0x5c CMakeFiles/Tarefa_Unidade_II_MQTT.dir/C_/Users/denis/.pico-sdk/sdk/1.5.1/src/common/pico_util/pheap.c.obj
                0x1000248c                ph_merge_two_pass
 .text.ph_remove_any_head
                0x100024e8       0xc0 CMakeFiles/Tarefa_Unidade_II_MQTT.dir/C_/Users/denis/.pico-sdk/sdk/1.5.1/src/common/pico_util/pheap.c.obj
 .text.ph_remove_head
                0x100025a8       0x14 CMakeFiles/Tarefa_Unidade_II_MQTT.dir/C_/Users/denis/.pico-sdk/sdk/1.5.1/src/common/pico_util/pheap.c.obj
                0x100025a8                ph_remove_head
 .text.ph_remove_and_free_node
                0x100025bc       0xa0 CMakeFiles/Tarefa_Unidade_II_MQTT.dir/C_/Users/denis/.pico-sdk/sdk/1.5.1/src/common/pico_util/pheap.c.obj
                0x100025bc                ph_remove_and_free_node
 .text.clock_configure
                0x1000265c      0x108 CMakeFiles/Tarefa_Unidade_II_MQTT.dir/C_/Users/denis/.pico-sdk/sdk/1.5.1/src/rp2_common/hardware_clocks/clocks.c.obj
                0x1000265c                clock_configure
 .text.clocks_init
                0x10002764      0x100 CMakeFiles/Tarefa_Unidade_II_MQTT.dir/C_/Users/denis/.pico-sdk/sdk/1.5.1/src/rp2_common/hardware_clocks/clocks.c.obj
                0x10002764                clocks_init
 .text.clock_get_hz
                0x10002864        0xc CMakeFiles/Tarefa_Unidade_II_MQTT.dir/C_/Users/denis/.pico-sdk/sdk/1.5.1/src/rp2_common/hardware_clocks/clocks.c.obj
                0x10002864                clock_get_hz
 .text.pll_init
                0x10002870      0x120 CMakeFiles/Tarefa_Unidade_II_MQTT.dir/C_/Users/denis/.pico-sdk/sdk/1.5.1/src/rp2_common/hardware_pll/pll.c.obj
                0x10002870                pll_init
 .text.watchdog_start_tick
                0x10002990       0x10 CMakeFiles/Tarefa_Unidade_II_MQTT.dir/C_/Users/denis/.pico-sdk/sdk/1.5.1/src/rp2_common/hardware_watchdog/watchdog.c.obj
                0x10002990                watchdog_start_tick
 .text.watchdog_update
                0x100029a0       0x14 CMakeFiles/Tarefa_Unidade_II_MQTT.dir/C_/Users/denis/.pico-sdk/sdk/1.5.1/src/rp2_common/hardware_watchdog/watchdog.c.obj
                0x100029a0                watchdog_update
 .text._watchdog_enable
                0x100029b4       0x78 CMakeFiles/Tarefa_Unidade_II_MQTT.dir/C_/Users/denis/.pico-sdk/sdk/1.5.1/src/rp2_common/hardware_watchdog/watchdog.c.obj
                0x100029b4                _watchdog_enable
 .text.watchdog_reboot
                0x10002a2c       0x48 CMakeFiles/Tarefa_Unidade_II_MQTT.dir/C_/Users/denis/.pico-sdk/sdk/1.5.1/src/rp2_common/hardware_watchdog/watchdog.c.obj
                0x10002a2c                watchdog_reboot
 .text.xosc_init
                0x10002a74       0x28 CMakeFiles/Tarefa_Unidade_II_MQTT.dir/C_/Users/denis/.pico-sdk/sdk/1.5.1/src/rp2_common/hardware_xosc/xosc.c.obj
                0x10002a74                xosc_init
 .text._exit    0x10002a9c        0x4 CMakeFiles/Tarefa_Unidade_II_MQTT.dir/C_/Users/denis/.pico-sdk/sdk/1.5.1/src/rp2_common/pico_runtime/runtime.c.obj
                0x10002a9c                _exit
 .text._sbrk    0x10002aa0       0x38 CMakeFiles/Tarefa_Unidade_II_MQTT.dir/C_/Users/denis/.pico-sdk/sdk/1.5.1/src/rp2_common/pico_runtime/runtime.c.obj
                0x10002aa0                _sbrk
 .text.exit     0x10002ad8        0x6 CMakeFiles/Tarefa_Unidade_II_MQTT.dir/C_/Users/denis/.pico-sdk/sdk/1.5.1/src/rp2_common/pico_runtime/runtime.c.obj
                0x10002ad8                exit
 *fill*         0x10002ade        0x2 
 .text.__assert_func
                0x10002ae0       0x38 CMakeFiles/Tarefa_Unidade_II_MQTT.dir/C_/Users/denis/.pico-sdk/sdk/1.5.1/src/rp2_common/pico_runtime/runtime.c.obj
                0x10002ae0                __assert_func
 .text.runtime_init
                0x10002b18       0xf8 CMakeFiles/Tarefa_Unidade_II_MQTT.dir/C_/Users/denis/.pico-sdk/sdk/1.5.1/src/rp2_common/pico_runtime/runtime.c.obj
                0x10002b18                runtime_init
 .text.panic    0x10002c10       0x30 CMakeFiles/Tarefa_Unidade_II_MQTT.dir/C_/Users/denis/.pico-sdk/sdk/1.5.1/src/rp2_common/pico_runtime/runtime.c.obj
                0x10002c10                panic
 .text.panic_unsupported
                0x10002c40        0xc CMakeFiles/Tarefa_Unidade_II_MQTT.dir/C_/Users/denis/.pico-sdk/sdk/1.5.1/src/rp2_common/pico_runtime/runtime.c.obj
                0x10002c40                panic_unsupported
 .text._out_buffer
                0x10002c4c        0x8 CMakeFiles/Tarefa_Unidade_II_MQTT.dir/C_/Users/denis/.pico-sdk/sdk/1.5.1/src/rp2_common/pico_printf/printf.c.obj
 .text._out_null
                0x10002c54        0x2 CMakeFiles/Tarefa_Unidade_II_MQTT.dir/C_/Users/denis/.pico-sdk/sdk/1.5.1/src/rp2_common/pico_printf/printf.c.obj
 .text._out_fct
                0x10002c56        0xe CMakeFiles/Tarefa_Unidade_II_MQTT.dir/C_/Users/denis/.pico-sdk/sdk/1.5.1/src/rp2_common/pico_printf/printf.c.obj
 .text._atoi    0x10002c64       0x24 CMakeFiles/Tarefa_Unidade_II_MQTT.dir/C_/Users/denis/.pico-sdk/sdk/1.5.1/src/rp2_common/pico_printf/printf.c.obj
 .text._out_rev
                0x10002c88       0xae CMakeFiles/Tarefa_Unidade_II_MQTT.dir/C_/Users/denis/.pico-sdk/sdk/1.5.1/src/rp2_common/pico_printf/printf.c.obj
 .text._ntoa_format
                0x10002d36      0x110 CMakeFiles/Tarefa_Unidade_II_MQTT.dir/C_/Users/denis/.pico-sdk/sdk/1.5.1/src/rp2_common/pico_printf/printf.c.obj
 .text._ntoa_long
                0x10002e46       0xbc CMakeFiles/Tarefa_Unidade_II_MQTT.dir/C_/Users/denis/.pico-sdk/sdk/1.5.1/src/rp2_common/pico_printf/printf.c.obj
 .text._ntoa_long_long
                0x10002f02      0x10e CMakeFiles/Tarefa_Unidade_II_MQTT.dir/C_/Users/denis/.pico-sdk/sdk/1.5.1/src/rp2_common/pico_printf/printf.c.obj
 .text._etoa    0x10003010      0x420 CMakeFiles/Tarefa_Unidade_II_MQTT.dir/C_/Users/denis/.pico-sdk/sdk/1.5.1/src/rp2_common/pico_printf/printf.c.obj
 .text._ftoa    0x10003430      0x354 CMakeFiles/Tarefa_Unidade_II_MQTT.dir/C_/Users/denis/.pico-sdk/sdk/1.5.1/src/rp2_common/pico_printf/printf.c.obj
 .text._vsnprintf
                0x10003784      0x668 CMakeFiles/Tarefa_Unidade_II_MQTT.dir/C_/Users/denis/.pico-sdk/sdk/1.5.1/src/rp2_common/pico_printf/printf.c.obj
 .text.__wrap_sprintf
                0x10003dec       0x2c CMakeFiles/Tarefa_Unidade_II_MQTT.dir/C_/Users/denis/.pico-sdk/sdk/1.5.1/src/rp2_common/pico_printf/printf.c.obj
                0x10003dec                __wrap_sprintf
 .text.__wrap_snprintf
                0x10003e18       0x28 CMakeFiles/Tarefa_Unidade_II_MQTT.dir/C_/Users/denis/.pico-sdk/sdk/1.5.1/src/rp2_common/pico_printf/printf.c.obj
                0x10003e18                __wrap_snprintf
 .text.vfctprintf
                0x10003e40       0x20 CMakeFiles/Tarefa_Unidade_II_MQTT.dir/C_/Users/denis/.pico-sdk/sdk/1.5.1/src/rp2_common/pico_printf/printf.c.obj
                0x10003e40                vfctprintf
 .text          0x10003e60       0x10 CMakeFiles/Tarefa_Unidade_II_MQTT.dir/C_/Users/denis/.pico-sdk/sdk/1.5.1/src/rp2_common/pico_bit_ops/bit_ops_aeabi.S.obj
 .text.ctzsi    0x10003e70        0xc CMakeFiles/Tarefa_Unidade_II_MQTT.dir/C_/Users/denis/.pico-sdk/sdk/1.5.1/src/rp2_common/pico_bit_ops/bit_ops_aeabi.S.obj
                0x10003e70                __wrap___ctzsi2
 .text.rom_func_lookup
                0x10003e7c       0x10 CMakeFiles/Tarefa_Unidade_II_MQTT.dir/C_/Users/denis/.pico-sdk/sdk/1.5.1/src/rp2_common/pico_bootrom/bootrom.c.obj
                0x10003e7c                rom_func_lookup
 .text.rom_data_lookup
                0x10003e8c       0x10 CMakeFiles/Tarefa_Unidade_II_MQTT.dir/C_/Users/denis/.pico-sdk/sdk/1.5.1/src/rp2_common/pico_bootrom/bootrom.c.obj
                0x10003e8c                rom_data_lookup
 .text.rom_funcs_lookup
                0x10003e9c       0x36 CMakeFiles/Tarefa_Unidade_II_MQTT.dir/C_/Users/denis/.pico-sdk/sdk/1.5.1/src/rp2_common/pico_bootrom/bootrom.c.obj
                0x10003e9c                rom_funcs_lookup
 *fill*         0x10003ed2        0x2 
 .text.__wrap___aeabi_idiv
                0x10003ed4       0x50 CMakeFiles/Tarefa_Unidade_II_MQTT.dir/C_/Users/denis/.pico-sdk/sdk/1.5.1/src/rp2_common/pico_divider/divider.S.obj
                0x10003ed4                __wrap___aeabi_idivmod
                0x10003ed4                divmod_s32s32
                0x10003ed4                div_s32s32
                0x10003ed4                __wrap___aeabi_idiv
                0x10003edc                divmod_s32s32_unsafe
                0x10003f08                divmod_s32s32_savestate
 .text.__wrap___aeabi_uidiv
                0x10003f24       0x4c CMakeFiles/Tarefa_Unidade_II_MQTT.dir/C_/Users/denis/.pico-sdk/sdk/1.5.1/src/rp2_common/pico_divider/divider.S.obj
                0x10003f24                __wrap___aeabi_uidiv
                0x10003f24                __wrap___aeabi_uidivmod
                0x10003f24                div_u32u32
                0x10003f24                divmod_u32u32
                0x10003f2c                divmod_u32u32_unsafe
                0x10003f54                divmod_u32u32_savestate
 .text.__wrap___aeabi_ldiv
                0x10003f70      0x424 CMakeFiles/Tarefa_Unidade_II_MQTT.dir/C_/Users/denis/.pico-sdk/sdk/1.5.1/src/rp2_common/pico_divider/divider.S.obj
                0x10003f70                div_s64s64
                0x10003f70                divmod_s64s64
                0x10003f70                __wrap___aeabi_ldivmod
                0x10003fa0                divmod_u64u64
                0x10003fa0                div_u64u64
                0x10003fa0                __wrap___aeabi_uldivmod
                0x10003fb0                divmod_u64u64_savestate
                0x10003fd0                divmod_s64s64_unsafe
                0x10004058                divmod_u64u64_unsafe
 .text.__wrap___aeabi_darithmetic
                0x10004394       0x60 CMakeFiles/Tarefa_Unidade_II_MQTT.dir/C_/Users/denis/.pico-sdk/sdk/1.5.1/src/rp2_common/pico_double/double_aeabi.S.obj
                0x10004394                __wrap___aeabi_drsub
                0x1000439a                __wrap___aeabi_dsub
                0x100043a4                __wrap___aeabi_dadd
                0x100043ae                __wrap___aeabi_ddiv
                0x100043e2                __wrap___aeabi_dmul
 .text.__wrap___aeabi_cdcmple
                0x100043f4       0x6c CMakeFiles/Tarefa_Unidade_II_MQTT.dir/C_/Users/denis/.pico-sdk/sdk/1.5.1/src/rp2_common/pico_double/double_aeabi.S.obj
                0x100043f4                __wrap___aeabi_cdrcmple
                0x10004404                __wrap___aeabi_cdcmpeq
                0x10004404                __wrap___aeabi_cdcmple
 .text.__wrap___aeabi_dcmplt
                0x10004460        0xc CMakeFiles/Tarefa_Unidade_II_MQTT.dir/C_/Users/denis/.pico-sdk/sdk/1.5.1/src/rp2_common/pico_double/double_aeabi.S.obj
                0x10004460                __wrap___aeabi_dcmplt
 .text.__wrap___aeabi_dcmple
                0x1000446c       0x10 CMakeFiles/Tarefa_Unidade_II_MQTT.dir/C_/Users/denis/.pico-sdk/sdk/1.5.1/src/rp2_common/pico_double/double_aeabi.S.obj
                0x1000446c                __wrap___aeabi_dcmple
 .text.__wrap___aeabi_dcmpge
                0x1000447c       0x10 CMakeFiles/Tarefa_Unidade_II_MQTT.dir/C_/Users/denis/.pico-sdk/sdk/1.5.1/src/rp2_common/pico_double/double_aeabi.S.obj
                0x1000447c                __wrap___aeabi_dcmpge
 .text.__wrap___aeabi_dcmpgt
                0x1000448c        0xa CMakeFiles/Tarefa_Unidade_II_MQTT.dir/C_/Users/denis/.pico-sdk/sdk/1.5.1/src/rp2_common/pico_double/double_aeabi.S.obj
                0x1000448c                __wrap___aeabi_dcmpgt
 .text.__wrap___aeabi_dcmpun
                0x10004496       0x1c CMakeFiles/Tarefa_Unidade_II_MQTT.dir/C_/Users/denis/.pico-sdk/sdk/1.5.1/src/rp2_common/pico_double/double_aeabi.S.obj
                0x10004496                __wrap___aeabi_dcmpun
 *fill*         0x100044b2        0x2 
 .text.__wrap___aeabi_i2d
                0x100044b4       0x38 CMakeFiles/Tarefa_Unidade_II_MQTT.dir/C_/Users/denis/.pico-sdk/sdk/1.5.1/src/rp2_common/pico_double/double_aeabi.S.obj
                0x100044b4                __wrap___aeabi_ui2d
                0x100044bc                __wrap___aeabi_i2d
 .text.__wrap___aeabi_d2iz
                0x100044ec       0x48 CMakeFiles/Tarefa_Unidade_II_MQTT.dir/C_/Users/denis/.pico-sdk/sdk/1.5.1/src/rp2_common/pico_double/double_aeabi.S.obj
                0x100044ec                double2int_z
                0x100044ec                __wrap___aeabi_d2iz
 .text.__wrap___aeabi_d2uiz
                0x10004534       0x10 CMakeFiles/Tarefa_Unidade_II_MQTT.dir/C_/Users/denis/.pico-sdk/sdk/1.5.1/src/rp2_common/pico_double/double_aeabi.S.obj
                0x10004534                __wrap___aeabi_d2uiz
                0x10004534                double2uint
 .text.missing_double_func_shim
                0x10004544        0xc CMakeFiles/Tarefa_Unidade_II_MQTT.dir/C_/Users/denis/.pico-sdk/sdk/1.5.1/src/rp2_common/pico_double/double_init_rom.c.obj
 .text.__aeabi_double_init
                0x10004550       0xd0 CMakeFiles/Tarefa_Unidade_II_MQTT.dir/C_/Users/denis/.pico-sdk/sdk/1.5.1/src/rp2_common/pico_double/double_init_rom.c.obj
                0x10004550                __aeabi_double_init
 .text.double_table_shim_on_use_helper
                0x10004620       0x34 CMakeFiles/Tarefa_Unidade_II_MQTT.dir/C_/Users/denis/.pico-sdk/sdk/1.5.1/src/rp2_common/pico_double/double_v1_rom_shim.S.obj
                0x10004620                double_table_shim_on_use_helper
 .text.__aeabi_lmul
                0x10004654       0x32 CMakeFiles/Tarefa_Unidade_II_MQTT.dir/C_/Users/denis/.pico-sdk/sdk/1.5.1/src/rp2_common/pico_int64_ops/pico_int64_ops_aeabi.S.obj
                0x10004654                __wrap___aeabi_lmul
 *fill*         0x10004686        0x2 
 .text.__wrap___aeabi_farithmetic
                0x10004688       0x48 CMakeFiles/Tarefa_Unidade_II_MQTT.dir/C_/Users/denis/.pico-sdk/sdk/1.5.1/src/rp2_common/pico_float/float_aeabi.S.obj
                0x10004688                __wrap___aeabi_frsub
                0x1000468e                __wrap___aeabi_fsub
                0x10004694                __wrap___aeabi_fadd
                0x1000469a                __wrap___aeabi_fdiv
                0x100046c2                __wrap___aeabi_fmul
 .text.__wrap___aeabi_ui2f
                0x100046d0        0xa CMakeFiles/Tarefa_Unidade_II_MQTT.dir/C_/Users/denis/.pico-sdk/sdk/1.5.1/src/rp2_common/pico_float/float_aeabi.S.obj
                0x100046d0                __wrap___aeabi_ui2f
 *fill*         0x100046da        0x2 
 .text.__wrap___aeabi_i2f
                0x100046dc       0x44 CMakeFiles/Tarefa_Unidade_II_MQTT.dir/C_/Users/denis/.pico-sdk/sdk/1.5.1/src/rp2_common/pico_float/float_aeabi.S.obj
                0x100046dc                __wrap___aeabi_i2f
 .text.__wrap___aeabi_f2d
                0x10004720        0xc CMakeFiles/Tarefa_Unidade_II_MQTT.dir/C_/Users/denis/.pico-sdk/sdk/1.5.1/src/rp2_common/pico_float/float_aeabi.S.obj
                0x10004720                __wrap___aeabi_f2d
 .text.missing_float_func_shim
                0x1000472c        0xc CMakeFiles/Tarefa_Unidade_II_MQTT.dir/C_/Users/denis/.pico-sdk/sdk/1.5.1/src/rp2_common/pico_float/float_init_rom.c.obj
 .text.__aeabi_float_init
                0x10004738       0x88 CMakeFiles/Tarefa_Unidade_II_MQTT.dir/C_/Users/denis/.pico-sdk/sdk/1.5.1/src/rp2_common/pico_float/float_init_rom.c.obj
                0x10004738                __aeabi_float_init
 .text.check_alloc
                0x100047c0       0x20 CMakeFiles/Tarefa_Unidade_II_MQTT.dir/C_/Users/denis/.pico-sdk/sdk/1.5.1/src/rp2_common/pico_malloc/pico_malloc.c.obj
 .text.__wrap_malloc
                0x100047e0       0x14 CMakeFiles/Tarefa_Unidade_II_MQTT.dir/C_/Users/denis/.pico-sdk/sdk/1.5.1/src/rp2_common/pico_malloc/pico_malloc.c.obj
                0x100047e0                __wrap_malloc
 .text.__wrap_free
                0x100047f4        0x8 CMakeFiles/Tarefa_Unidade_II_MQTT.dir/C_/Users/denis/.pico-sdk/sdk/1.5.1/src/rp2_common/pico_malloc/pico_malloc.c.obj
                0x100047f4                __wrap_free
 .text          0x100047fc       0x10 CMakeFiles/Tarefa_Unidade_II_MQTT.dir/C_/Users/denis/.pico-sdk/sdk/1.5.1/src/rp2_common/pico_mem_ops/mem_ops_aeabi.S.obj
                0x100047fc                __aeabi_mem_init
 .text.memset   0x1000480c        0xc CMakeFiles/Tarefa_Unidade_II_MQTT.dir/C_/Users/denis/.pico-sdk/sdk/1.5.1/src/rp2_common/pico_mem_ops/mem_ops_aeabi.S.obj
                0x1000480c                __wrap_memset
 .text.memcpy   0x10004818        0xc CMakeFiles/Tarefa_Unidade_II_MQTT.dir/C_/Users/denis/.pico-sdk/sdk/1.5.1/src/rp2_common/pico_mem_ops/mem_ops_aeabi.S.obj
                0x10004818                __wrap_memcpy
                0x10004818                __wrap___aeabi_memcpy
 .text.stdio_out_chars_no_crlf
                0x10004824        0xe CMakeFiles/Tarefa_Unidade_II_MQTT.dir/C_/Users/denis/.pico-sdk/sdk/1.5.1/src/rp2_common/pico_stdio/stdio.c.obj
 *fill*         0x10004832        0x2 
 .text.stdio_out_chars_crlf
                0x10004834       0x80 CMakeFiles/Tarefa_Unidade_II_MQTT.dir/C_/Users/denis/.pico-sdk/sdk/1.5.1/src/rp2_common/pico_stdio/stdio.c.obj
 .text.stdio_stack_buffer_flush
                0x100048b4       0x44 CMakeFiles/Tarefa_Unidade_II_MQTT.dir/C_/Users/denis/.pico-sdk/sdk/1.5.1/src/rp2_common/pico_stdio/stdio.c.obj
 .text.stdio_buffered_printer
                0x100048f8       0x20 CMakeFiles/Tarefa_Unidade_II_MQTT.dir/C_/Users/denis/.pico-sdk/sdk/1.5.1/src/rp2_common/pico_stdio/stdio.c.obj
 .text.update_us_since_boot
                0x10004918       0x24 CMakeFiles/Tarefa_Unidade_II_MQTT.dir/C_/Users/denis/.pico-sdk/sdk/1.5.1/src/rp2_common/pico_stdio/stdio.c.obj
 .text.get_absolute_time
                0x1000493c       0x22 CMakeFiles/Tarefa_Unidade_II_MQTT.dir/C_/Users/denis/.pico-sdk/sdk/1.5.1/src/rp2_common/pico_stdio/stdio.c.obj
 *fill*         0x1000495e        0x2 
 .text.delayed_by_ms
                0x10004960       0x44 CMakeFiles/Tarefa_Unidade_II_MQTT.dir/C_/Users/denis/.pico-sdk/sdk/1.5.1/src/rp2_common/pico_stdio/stdio.c.obj
 .text.make_timeout_time_ms
                0x100049a4       0x20 CMakeFiles/Tarefa_Unidade_II_MQTT.dir/C_/Users/denis/.pico-sdk/sdk/1.5.1/src/rp2_common/pico_stdio/stdio.c.obj
 .text.stdout_serialize_begin
                0x100049c4       0x20 CMakeFiles/Tarefa_Unidade_II_MQTT.dir/C_/Users/denis/.pico-sdk/sdk/1.5.1/src/rp2_common/pico_stdio/stdio.c.obj
                0x100049c4                stdout_serialize_begin
 .text.stdout_serialize_end
                0x100049e4       0x10 CMakeFiles/Tarefa_Unidade_II_MQTT.dir/C_/Users/denis/.pico-sdk/sdk/1.5.1/src/rp2_common/pico_stdio/stdio.c.obj
                0x100049e4                stdout_serialize_end
 .text.stdio_put_string
                0x100049f4       0x98 CMakeFiles/Tarefa_Unidade_II_MQTT.dir/C_/Users/denis/.pico-sdk/sdk/1.5.1/src/rp2_common/pico_stdio/stdio.c.obj
 .text.stdio_set_driver_enabled
                0x10004a8c       0x2c CMakeFiles/Tarefa_Unidade_II_MQTT.dir/C_/Users/denis/.pico-sdk/sdk/1.5.1/src/rp2_common/pico_stdio/stdio.c.obj
                0x10004a8c                stdio_set_driver_enabled
 .text.stdio_flush
                0x10004ab8       0x20 CMakeFiles/Tarefa_Unidade_II_MQTT.dir/C_/Users/denis/.pico-sdk/sdk/1.5.1/src/rp2_common/pico_stdio/stdio.c.obj
                0x10004ab8                stdio_flush
 .text.__wrap_puts
                0x10004ad8       0x1e CMakeFiles/Tarefa_Unidade_II_MQTT.dir/C_/Users/denis/.pico-sdk/sdk/1.5.1/src/rp2_common/pico_stdio/stdio.c.obj
                0x10004ad8                __wrap_puts
 *fill*         0x10004af6        0x2 
 .text.__wrap_vprintf
                0x10004af8       0x40 CMakeFiles/Tarefa_Unidade_II_MQTT.dir/C_/Users/denis/.pico-sdk/sdk/1.5.1/src/rp2_common/pico_stdio/stdio.c.obj
                0x10004af8                __wrap_vprintf
 .text.__wrap_printf
                0x10004b38       0x18 CMakeFiles/Tarefa_Unidade_II_MQTT.dir/C_/Users/denis/.pico-sdk/sdk/1.5.1/src/rp2_common/pico_stdio/stdio.c.obj
                0x10004b38                __wrap_printf
 .text.stdio_init_all
                0x10004b50        0x8 CMakeFiles/Tarefa_Unidade_II_MQTT.dir/C_/Users/denis/.pico-sdk/sdk/1.5.1/src/rp2_common/pico_stdio/stdio.c.obj
                0x10004b50                stdio_init_all
 .text.resetd_init
                0x10004b58        0x2 CMakeFiles/Tarefa_Unidade_II_MQTT.dir/C_/Users/denis/.pico-sdk/sdk/1.5.1/src/rp2_common/pico_stdio_usb/reset_interface.c.obj
 *fill*         0x10004b5a        0x2 
 .text.resetd_reset
                0x10004b5c        0xc CMakeFiles/Tarefa_Unidade_II_MQTT.dir/C_/Users/denis/.pico-sdk/sdk/1.5.1/src/rp2_common/pico_stdio_usb/reset_interface.c.obj
 .text.resetd_open
                0x10004b68       0x34 CMakeFiles/Tarefa_Unidade_II_MQTT.dir/C_/Users/denis/.pico-sdk/sdk/1.5.1/src/rp2_common/pico_stdio_usb/reset_interface.c.obj
 .text.resetd_xfer_cb
                0x10004b9c        0x4 CMakeFiles/Tarefa_Unidade_II_MQTT.dir/C_/Users/denis/.pico-sdk/sdk/1.5.1/src/rp2_common/pico_stdio_usb/reset_interface.c.obj
 .text.reset_usb_boot
                0x10004ba0       0x18 CMakeFiles/Tarefa_Unidade_II_MQTT.dir/C_/Users/denis/.pico-sdk/sdk/1.5.1/src/rp2_common/pico_stdio_usb/reset_interface.c.obj
 .text.resetd_control_xfer_cb
                0x10004bb8       0x5c CMakeFiles/Tarefa_Unidade_II_MQTT.dir/C_/Users/denis/.pico-sdk/sdk/1.5.1/src/rp2_common/pico_stdio_usb/reset_interface.c.obj
 .text.usbd_app_driver_get_cb
                0x10004c14        0xc CMakeFiles/Tarefa_Unidade_II_MQTT.dir/C_/Users/denis/.pico-sdk/sdk/1.5.1/src/rp2_common/pico_stdio_usb/reset_interface.c.obj
                0x10004c14                usbd_app_driver_get_cb
 .text.tud_cdc_line_coding_cb
                0x10004c20       0x28 CMakeFiles/Tarefa_Unidade_II_MQTT.dir/C_/Users/denis/.pico-sdk/sdk/1.5.1/src/rp2_common/pico_stdio_usb/reset_interface.c.obj
                0x10004c20                tud_cdc_line_coding_cb
 .text.stdio_usb_set_chars_available_callback
                0x10004c48       0x14 CMakeFiles/Tarefa_Unidade_II_MQTT.dir/C_/Users/denis/.pico-sdk/sdk/1.5.1/src/rp2_common/pico_stdio_usb/stdio_usb.c.obj
                0x10004c48                stdio_usb_set_chars_available_callback
 .text.update_us_since_boot
                0x10004c5c       0x24 CMakeFiles/Tarefa_Unidade_II_MQTT.dir/C_/Users/denis/.pico-sdk/sdk/1.5.1/src/rp2_common/pico_stdio_usb/stdio_usb.c.obj
 .text.get_absolute_time
                0x10004c80       0x22 CMakeFiles/Tarefa_Unidade_II_MQTT.dir/C_/Users/denis/.pico-sdk/sdk/1.5.1/src/rp2_common/pico_stdio_usb/stdio_usb.c.obj
 *fill*         0x10004ca2        0x2 
 .text.delayed_by_ms
                0x10004ca4       0x44 CMakeFiles/Tarefa_Unidade_II_MQTT.dir/C_/Users/denis/.pico-sdk/sdk/1.5.1/src/rp2_common/pico_stdio_usb/stdio_usb.c.obj
 .text.make_timeout_time_ms
                0x10004ce8       0x20 CMakeFiles/Tarefa_Unidade_II_MQTT.dir/C_/Users/denis/.pico-sdk/sdk/1.5.1/src/rp2_common/pico_stdio_usb/stdio_usb.c.obj
 .text.delayed_by_us
                0x10004d08       0x34 CMakeFiles/Tarefa_Unidade_II_MQTT.dir/C_/Users/denis/.pico-sdk/sdk/1.5.1/src/rp2_common/pico_stdio_usb/stdio_usb.c.obj
 .text.usb_irq  0x10004d3c       0x10 CMakeFiles/Tarefa_Unidade_II_MQTT.dir/C_/Users/denis/.pico-sdk/sdk/1.5.1/src/rp2_common/pico_stdio_usb/stdio_usb.c.obj
 .text.critical_section_enter_blocking
                0x10004d4c       0x16 CMakeFiles/Tarefa_Unidade_II_MQTT.dir/C_/Users/denis/.pico-sdk/sdk/1.5.1/src/rp2_common/pico_stdio_usb/stdio_usb.c.obj
 *fill*         0x10004d62        0x2 
 .text.timer_task
                0x10004d64       0x4c CMakeFiles/Tarefa_Unidade_II_MQTT.dir/C_/Users/denis/.pico-sdk/sdk/1.5.1/src/rp2_common/pico_stdio_usb/stdio_usb.c.obj
 .text.alarm_pool_add_alarm_in_us
                0x10004db0       0x3a CMakeFiles/Tarefa_Unidade_II_MQTT.dir/C_/Users/denis/.pico-sdk/sdk/1.5.1/src/rp2_common/pico_stdio_usb/stdio_usb.c.obj
 .text.add_alarm_in_us
                0x10004dea       0x2e CMakeFiles/Tarefa_Unidade_II_MQTT.dir/C_/Users/denis/.pico-sdk/sdk/1.5.1/src/rp2_common/pico_stdio_usb/stdio_usb.c.obj
 .text.low_priority_worker_irq
                0x10004e18       0x7c CMakeFiles/Tarefa_Unidade_II_MQTT.dir/C_/Users/denis/.pico-sdk/sdk/1.5.1/src/rp2_common/pico_stdio_usb/stdio_usb.c.obj
 .text.tud_cdc_rx_cb
                0x10004e94       0x20 CMakeFiles/Tarefa_Unidade_II_MQTT.dir/C_/Users/denis/.pico-sdk/sdk/1.5.1/src/rp2_common/pico_stdio_usb/stdio_usb.c.obj
                0x10004e94                tud_cdc_rx_cb
 .text.stdio_usb_init
                0x10004eb4       0xd0 CMakeFiles/Tarefa_Unidade_II_MQTT.dir/C_/Users/denis/.pico-sdk/sdk/1.5.1/src/rp2_common/pico_stdio_usb/stdio_usb.c.obj
                0x10004eb4                stdio_usb_init
 .text.stdio_usb_connected
                0x10004f84        0xa CMakeFiles/Tarefa_Unidade_II_MQTT.dir/C_/Users/denis/.pico-sdk/sdk/1.5.1/src/rp2_common/pico_stdio_usb/stdio_usb.c.obj
                0x10004f84                stdio_usb_connected
 *fill*         0x10004f8e        0x2 
 .text.stdio_usb_in_chars
                0x10004f90       0x88 CMakeFiles/Tarefa_Unidade_II_MQTT.dir/C_/Users/denis/.pico-sdk/sdk/1.5.1/src/rp2_common/pico_stdio_usb/stdio_usb.c.obj
                0x10004f90                stdio_usb_in_chars
 .text.stdio_usb_out_chars
                0x10005018       0xd8 CMakeFiles/Tarefa_Unidade_II_MQTT.dir/C_/Users/denis/.pico-sdk/sdk/1.5.1/src/rp2_common/pico_stdio_usb/stdio_usb.c.obj
 .text.tud_descriptor_device_cb
                0x100050f0        0x8 CMakeFiles/Tarefa_Unidade_II_MQTT.dir/C_/Users/denis/.pico-sdk/sdk/1.5.1/src/rp2_common/pico_stdio_usb/stdio_usb_descriptors.c.obj
                0x100050f0                tud_descriptor_device_cb
 .text.tud_descriptor_configuration_cb
                0x100050f8        0x8 CMakeFiles/Tarefa_Unidade_II_MQTT.dir/C_/Users/denis/.pico-sdk/sdk/1.5.1/src/rp2_common/pico_stdio_usb/stdio_usb_descriptors.c.obj
                0x100050f8                tud_descriptor_configuration_cb
 .text.tud_descriptor_string_cb
                0x10005100       0x6c CMakeFiles/Tarefa_Unidade_II_MQTT.dir/C_/Users/denis/.pico-sdk/sdk/1.5.1/src/rp2_common/pico_stdio_usb/stdio_usb_descriptors.c.obj
                0x10005100                tud_descriptor_string_cb
 .text._retrieve_unique_id_on_boot
                0x1000516c       0x10 CMakeFiles/Tarefa_Unidade_II_MQTT.dir/C_/Users/denis/.pico-sdk/sdk/1.5.1/src/rp2_common/pico_unique_id/unique_id.c.obj
 .text.pico_get_unique_board_id
                0x1000517c       0x10 CMakeFiles/Tarefa_Unidade_II_MQTT.dir/C_/Users/denis/.pico-sdk/sdk/1.5.1/src/rp2_common/pico_unique_id/unique_id.c.obj
                0x1000517c                pico_get_unique_board_id
 .text.pico_get_unique_board_id_string
                0x1000518c       0x5c CMakeFiles/Tarefa_Unidade_II_MQTT.dir/C_/Users/denis/.pico-sdk/sdk/1.5.1/src/rp2_common/pico_unique_id/unique_id.c.obj
                0x1000518c                pico_get_unique_board_id_string
 .text.flash_get_unique_id
                0x100051e8       0x40 CMakeFiles/Tarefa_Unidade_II_MQTT.dir/C_/Users/denis/.pico-sdk/sdk/1.5.1/src/rp2_common/hardware_flash/flash.c.obj
                0x100051e8                flash_get_unique_id
 .text.hw_endpoint_get_by_addr
                0x10005228       0x18 CMakeFiles/Tarefa_Unidade_II_MQTT.dir/C_/Users/denis/.pico-sdk/sdk/1.5.1/lib/tinyusb/src/portable/raspberrypi/rp2040/dcd_rp2040.c.obj
 .text._hw_endpoint_alloc
                0x10005240       0x70 CMakeFiles/Tarefa_Unidade_II_MQTT.dir/C_/Users/denis/.pico-sdk/sdk/1.5.1/lib/tinyusb/src/portable/raspberrypi/rp2040/dcd_rp2040.c.obj
 .text.hw_endpoint_init
                0x100052b0       0x88 CMakeFiles/Tarefa_Unidade_II_MQTT.dir/C_/Users/denis/.pico-sdk/sdk/1.5.1/lib/tinyusb/src/portable/raspberrypi/rp2040/dcd_rp2040.c.obj
 .text.dcd_event_sof
                0x10005338       0x2c CMakeFiles/Tarefa_Unidade_II_MQTT.dir/C_/Users/denis/.pico-sdk/sdk/1.5.1/lib/tinyusb/src/portable/raspberrypi/rp2040/dcd_rp2040.c.obj
 .text.hw_endpoint_xfer
                0x10005364       0x14 CMakeFiles/Tarefa_Unidade_II_MQTT.dir/C_/Users/denis/.pico-sdk/sdk/1.5.1/lib/tinyusb/src/portable/raspberrypi/rp2040/dcd_rp2040.c.obj
 .text.dcd_int_enable
                0x10005378       0x2c CMakeFiles/Tarefa_Unidade_II_MQTT.dir/C_/Users/denis/.pico-sdk/sdk/1.5.1/lib/tinyusb/src/portable/raspberrypi/rp2040/dcd_rp2040.c.obj
                0x10005378                dcd_int_enable
 .text.dcd_set_address
                0x100053a4       0x2c CMakeFiles/Tarefa_Unidade_II_MQTT.dir/C_/Users/denis/.pico-sdk/sdk/1.5.1/lib/tinyusb/src/portable/raspberrypi/rp2040/dcd_rp2040.c.obj
                0x100053a4                dcd_set_address
 .text.dcd_connect
                0x100053d0       0x10 CMakeFiles/Tarefa_Unidade_II_MQTT.dir/C_/Users/denis/.pico-sdk/sdk/1.5.1/lib/tinyusb/src/portable/raspberrypi/rp2040/dcd_rp2040.c.obj
                0x100053d0                dcd_connect
 .text.dcd_init
                0x100053e0       0x80 CMakeFiles/Tarefa_Unidade_II_MQTT.dir/C_/Users/denis/.pico-sdk/sdk/1.5.1/lib/tinyusb/src/portable/raspberrypi/rp2040/dcd_rp2040.c.obj
                0x100053e0                dcd_init
 .text.dcd_edpt0_status_complete
                0x10005460       0x1c CMakeFiles/Tarefa_Unidade_II_MQTT.dir/C_/Users/denis/.pico-sdk/sdk/1.5.1/lib/tinyusb/src/portable/raspberrypi/rp2040/dcd_rp2040.c.obj
                0x10005460                dcd_edpt0_status_complete
 .text.dcd_edpt_open
                0x1000547c       0x40 CMakeFiles/Tarefa_Unidade_II_MQTT.dir/C_/Users/denis/.pico-sdk/sdk/1.5.1/lib/tinyusb/src/portable/raspberrypi/rp2040/dcd_rp2040.c.obj
                0x1000547c                dcd_edpt_open
 .text.dcd_edpt_close_all
                0x100054bc        0x8 CMakeFiles/Tarefa_Unidade_II_MQTT.dir/C_/Users/denis/.pico-sdk/sdk/1.5.1/lib/tinyusb/src/portable/raspberrypi/rp2040/dcd_rp2040.c.obj
                0x100054bc                dcd_edpt_close_all
 .text.dcd_edpt_xfer
                0x100054c4       0x34 CMakeFiles/Tarefa_Unidade_II_MQTT.dir/C_/Users/denis/.pico-sdk/sdk/1.5.1/lib/tinyusb/src/portable/raspberrypi/rp2040/dcd_rp2040.c.obj
                0x100054c4                dcd_edpt_xfer
 .text.dcd_edpt_stall
                0x100054f8       0x2c CMakeFiles/Tarefa_Unidade_II_MQTT.dir/C_/Users/denis/.pico-sdk/sdk/1.5.1/lib/tinyusb/src/portable/raspberrypi/rp2040/dcd_rp2040.c.obj
                0x100054f8                dcd_edpt_stall
 .text.dcd_edpt_clear_stall
                0x10005524       0x20 CMakeFiles/Tarefa_Unidade_II_MQTT.dir/C_/Users/denis/.pico-sdk/sdk/1.5.1/lib/tinyusb/src/portable/raspberrypi/rp2040/dcd_rp2040.c.obj
                0x10005524                dcd_edpt_clear_stall
 .text.rp2040_usb_init
                0x10005544       0x4c CMakeFiles/Tarefa_Unidade_II_MQTT.dir/C_/Users/denis/.pico-sdk/sdk/1.5.1/lib/tinyusb/src/portable/raspberrypi/rp2040/rp2040_usb.c.obj
                0x10005544                rp2040_usb_init
 .text.hw_endpoint_xfer_start
                0x10005590       0x50 CMakeFiles/Tarefa_Unidade_II_MQTT.dir/C_/Users/denis/.pico-sdk/sdk/1.5.1/lib/tinyusb/src/portable/raspberrypi/rp2040/rp2040_usb.c.obj
                0x10005590                hw_endpoint_xfer_start
 .text.configuration_reset
                0x100055e0       0x84 CMakeFiles/Tarefa_Unidade_II_MQTT.dir/C_/Users/denis/.pico-sdk/sdk/1.5.1/lib/tinyusb/src/device/usbd.c.obj
 .text.critical_section_enter_blocking
                0x10005664       0x16 CMakeFiles/Tarefa_Unidade_II_MQTT.dir/C_/Users/denis/.pico-sdk/sdk/1.5.1/lib/tinyusb/src/device/usbd.c.obj
 .text.usbd_reset
                0x1000567a        0xc CMakeFiles/Tarefa_Unidade_II_MQTT.dir/C_/Users/denis/.pico-sdk/sdk/1.5.1/lib/tinyusb/src/device/usbd.c.obj
 .text.invoke_class_control
                0x10005686       0x1a CMakeFiles/Tarefa_Unidade_II_MQTT.dir/C_/Users/denis/.pico-sdk/sdk/1.5.1/lib/tinyusb/src/device/usbd.c.obj
 .text.process_set_config
                0x100056a0      0x178 CMakeFiles/Tarefa_Unidade_II_MQTT.dir/C_/Users/denis/.pico-sdk/sdk/1.5.1/lib/tinyusb/src/device/usbd.c.obj
 .text.process_get_descriptor
                0x10005818       0xdc CMakeFiles/Tarefa_Unidade_II_MQTT.dir/C_/Users/denis/.pico-sdk/sdk/1.5.1/lib/tinyusb/src/device/usbd.c.obj
 .text.tud_mounted
                0x100058f4       0x10 CMakeFiles/Tarefa_Unidade_II_MQTT.dir/C_/Users/denis/.pico-sdk/sdk/1.5.1/lib/tinyusb/src/device/usbd.c.obj
                0x100058f4                tud_mounted
 .text.tud_suspended
                0x10005904       0x10 CMakeFiles/Tarefa_Unidade_II_MQTT.dir/C_/Users/denis/.pico-sdk/sdk/1.5.1/lib/tinyusb/src/device/usbd.c.obj
                0x10005904                tud_suspended
 .text.tud_inited
                0x10005914       0x14 CMakeFiles/Tarefa_Unidade_II_MQTT.dir/C_/Users/denis/.pico-sdk/sdk/1.5.1/lib/tinyusb/src/device/usbd.c.obj
                0x10005914                tud_inited
 .text.tud_init
                0x10005928       0xcc CMakeFiles/Tarefa_Unidade_II_MQTT.dir/C_/Users/denis/.pico-sdk/sdk/1.5.1/lib/tinyusb/src/device/usbd.c.obj
                0x10005928                tud_init
 .text.usbd_defer_func
                0x100059f4       0x2a CMakeFiles/Tarefa_Unidade_II_MQTT.dir/C_/Users/denis/.pico-sdk/sdk/1.5.1/lib/tinyusb/src/device/usbd.c.obj
                0x100059f4                usbd_defer_func
 *fill*         0x10005a1e        0x2 
 .text.usbd_edpt_open
                0x10005a20       0x34 CMakeFiles/Tarefa_Unidade_II_MQTT.dir/C_/Users/denis/.pico-sdk/sdk/1.5.1/lib/tinyusb/src/device/usbd.c.obj
                0x10005a20                usbd_edpt_open
 .text.usbd_open_edpt_pair
                0x10005a54       0x62 CMakeFiles/Tarefa_Unidade_II_MQTT.dir/C_/Users/denis/.pico-sdk/sdk/1.5.1/lib/tinyusb/src/device/usbd.c.obj
                0x10005a54                usbd_open_edpt_pair
 *fill*         0x10005ab6        0x2 
 .text.usbd_edpt_claim
                0x10005ab8       0x28 CMakeFiles/Tarefa_Unidade_II_MQTT.dir/C_/Users/denis/.pico-sdk/sdk/1.5.1/lib/tinyusb/src/device/usbd.c.obj
                0x10005ab8                usbd_edpt_claim
 .text.usbd_edpt_release
                0x10005ae0       0x28 CMakeFiles/Tarefa_Unidade_II_MQTT.dir/C_/Users/denis/.pico-sdk/sdk/1.5.1/lib/tinyusb/src/device/usbd.c.obj
                0x10005ae0                usbd_edpt_release
 .text.usbd_edpt_xfer
                0x10005b08       0x78 CMakeFiles/Tarefa_Unidade_II_MQTT.dir/C_/Users/denis/.pico-sdk/sdk/1.5.1/lib/tinyusb/src/device/usbd.c.obj
                0x10005b08                usbd_edpt_xfer
 .text.usbd_edpt_stall
                0x10005b80       0x48 CMakeFiles/Tarefa_Unidade_II_MQTT.dir/C_/Users/denis/.pico-sdk/sdk/1.5.1/lib/tinyusb/src/device/usbd.c.obj
                0x10005b80                usbd_edpt_stall
 .text.usbd_edpt_clear_stall
                0x10005bc8       0x48 CMakeFiles/Tarefa_Unidade_II_MQTT.dir/C_/Users/denis/.pico-sdk/sdk/1.5.1/lib/tinyusb/src/device/usbd.c.obj
                0x10005bc8                usbd_edpt_clear_stall
 .text.usbd_edpt_stalled
                0x10005c10       0x1c CMakeFiles/Tarefa_Unidade_II_MQTT.dir/C_/Users/denis/.pico-sdk/sdk/1.5.1/lib/tinyusb/src/device/usbd.c.obj
                0x10005c10                usbd_edpt_stalled
 .text.process_control_request
                0x10005c2c      0x374 CMakeFiles/Tarefa_Unidade_II_MQTT.dir/C_/Users/denis/.pico-sdk/sdk/1.5.1/lib/tinyusb/src/device/usbd.c.obj
 .text.tud_task_ext
                0x10005fa0      0x1a8 CMakeFiles/Tarefa_Unidade_II_MQTT.dir/C_/Users/denis/.pico-sdk/sdk/1.5.1/lib/tinyusb/src/device/usbd.c.obj
                0x10005fa0                tud_task_ext
 .text._status_stage_xact
                0x10006148       0x1a CMakeFiles/Tarefa_Unidade_II_MQTT.dir/C_/Users/denis/.pico-sdk/sdk/1.5.1/lib/tinyusb/src/device/usbd_control.c.obj
 *fill*         0x10006162        0x2 
 .text._data_stage_xact
                0x10006164       0x58 CMakeFiles/Tarefa_Unidade_II_MQTT.dir/C_/Users/denis/.pico-sdk/sdk/1.5.1/lib/tinyusb/src/device/usbd_control.c.obj
 .text.tud_control_status
                0x100061bc       0x28 CMakeFiles/Tarefa_Unidade_II_MQTT.dir/C_/Users/denis/.pico-sdk/sdk/1.5.1/lib/tinyusb/src/device/usbd_control.c.obj
                0x100061bc                tud_control_status
 .text.tud_control_xfer
                0x100061e4       0x68 CMakeFiles/Tarefa_Unidade_II_MQTT.dir/C_/Users/denis/.pico-sdk/sdk/1.5.1/lib/tinyusb/src/device/usbd_control.c.obj
                0x100061e4                tud_control_xfer
 .text.usbd_control_reset
                0x1000624c       0x14 CMakeFiles/Tarefa_Unidade_II_MQTT.dir/C_/Users/denis/.pico-sdk/sdk/1.5.1/lib/tinyusb/src/device/usbd_control.c.obj
                0x1000624c                usbd_control_reset
 .text.usbd_control_set_complete_callback
                0x10006260        0xc CMakeFiles/Tarefa_Unidade_II_MQTT.dir/C_/Users/denis/.pico-sdk/sdk/1.5.1/lib/tinyusb/src/device/usbd_control.c.obj
                0x10006260                usbd_control_set_complete_callback
 .text.usbd_control_set_request
                0x1000626c       0x1c CMakeFiles/Tarefa_Unidade_II_MQTT.dir/C_/Users/denis/.pico-sdk/sdk/1.5.1/lib/tinyusb/src/device/usbd_control.c.obj
                0x1000626c                usbd_control_set_request
 .text.usbd_control_xfer_cb
                0x10006288       0xbc CMakeFiles/Tarefa_Unidade_II_MQTT.dir/C_/Users/denis/.pico-sdk/sdk/1.5.1/lib/tinyusb/src/device/usbd_control.c.obj
                0x10006288                usbd_control_xfer_cb
 .text._prep_out_transaction
                0x10006344       0x4a CMakeFiles/Tarefa_Unidade_II_MQTT.dir/C_/Users/denis/.pico-sdk/sdk/1.5.1/lib/tinyusb/src/class/cdc/cdc_device.c.obj
 *fill*         0x1000638e        0x2 
 .text.tud_cdc_n_connected
                0x10006390       0x38 CMakeFiles/Tarefa_Unidade_II_MQTT.dir/C_/Users/denis/.pico-sdk/sdk/1.5.1/lib/tinyusb/src/class/cdc/cdc_device.c.obj
                0x10006390                tud_cdc_n_connected
 .text.tud_cdc_n_available
                0x100063c8       0x18 CMakeFiles/Tarefa_Unidade_II_MQTT.dir/C_/Users/denis/.pico-sdk/sdk/1.5.1/lib/tinyusb/src/class/cdc/cdc_device.c.obj
                0x100063c8                tud_cdc_n_available
 .text.tud_cdc_n_read
                0x100063e0       0x28 CMakeFiles/Tarefa_Unidade_II_MQTT.dir/C_/Users/denis/.pico-sdk/sdk/1.5.1/lib/tinyusb/src/class/cdc/cdc_device.c.obj
                0x100063e0                tud_cdc_n_read
 .text.tud_cdc_n_write_flush
                0x10006408       0xb8 CMakeFiles/Tarefa_Unidade_II_MQTT.dir/C_/Users/denis/.pico-sdk/sdk/1.5.1/lib/tinyusb/src/class/cdc/cdc_device.c.obj
                0x10006408                tud_cdc_n_write_flush
 .text.tud_cdc_n_write
                0x100064c0       0x38 CMakeFiles/Tarefa_Unidade_II_MQTT.dir/C_/Users/denis/.pico-sdk/sdk/1.5.1/lib/tinyusb/src/class/cdc/cdc_device.c.obj
                0x100064c0                tud_cdc_n_write
 .text.tud_cdc_n_write_available
                0x100064f8       0x1c CMakeFiles/Tarefa_Unidade_II_MQTT.dir/C_/Users/denis/.pico-sdk/sdk/1.5.1/lib/tinyusb/src/class/cdc/cdc_device.c.obj
                0x100064f8                tud_cdc_n_write_available
 .text.cdcd_init
                0x10006514       0xbc CMakeFiles/Tarefa_Unidade_II_MQTT.dir/C_/Users/denis/.pico-sdk/sdk/1.5.1/lib/tinyusb/src/class/cdc/cdc_device.c.obj
                0x10006514                cdcd_init
 .text.cdcd_reset
                0x100065d0       0x44 CMakeFiles/Tarefa_Unidade_II_MQTT.dir/C_/Users/denis/.pico-sdk/sdk/1.5.1/lib/tinyusb/src/class/cdc/cdc_device.c.obj
                0x100065d0                cdcd_reset
 .text.cdcd_open
                0x10006614       0xc4 CMakeFiles/Tarefa_Unidade_II_MQTT.dir/C_/Users/denis/.pico-sdk/sdk/1.5.1/lib/tinyusb/src/class/cdc/cdc_device.c.obj
                0x10006614                cdcd_open
 .text.cdcd_control_xfer_cb
                0x100066d8      0x134 CMakeFiles/Tarefa_Unidade_II_MQTT.dir/C_/Users/denis/.pico-sdk/sdk/1.5.1/lib/tinyusb/src/class/cdc/cdc_device.c.obj
                0x100066d8                cdcd_control_xfer_cb
 .text.cdcd_xfer_cb
                0x1000680c      0x130 CMakeFiles/Tarefa_Unidade_II_MQTT.dir/C_/Users/denis/.pico-sdk/sdk/1.5.1/lib/tinyusb/src/class/cdc/cdc_device.c.obj
                0x1000680c                cdcd_xfer_cb
 .text.tusb_init
                0x1000693c        0xa CMakeFiles/Tarefa_Unidade_II_MQTT.dir/C_/Users/denis/.pico-sdk/sdk/1.5.1/lib/tinyusb/src/tusb.c.obj
                0x1000693c                tusb_init
 .text.tusb_inited
                0x10006946        0xe CMakeFiles/Tarefa_Unidade_II_MQTT.dir/C_/Users/denis/.pico-sdk/sdk/1.5.1/lib/tinyusb/src/tusb.c.obj
                0x10006946                tusb_inited
 .text.tu_edpt_claim
                0x10006954       0x50 CMakeFiles/Tarefa_Unidade_II_MQTT.dir/C_/Users/denis/.pico-sdk/sdk/1.5.1/lib/tinyusb/src/tusb.c.obj
                0x10006954                tu_edpt_claim
 .text.tu_edpt_release
                0x100069a4       0x38 CMakeFiles/Tarefa_Unidade_II_MQTT.dir/C_/Users/denis/.pico-sdk/sdk/1.5.1/lib/tinyusb/src/tusb.c.obj
                0x100069a4                tu_edpt_release
 .text.tu_edpt_validate
                0x100069dc       0x78 CMakeFiles/Tarefa_Unidade_II_MQTT.dir/C_/Users/denis/.pico-sdk/sdk/1.5.1/lib/tinyusb/src/tusb.c.obj
                0x100069dc                tu_edpt_validate
 .text.tu_edpt_bind_driver
                0x10006a54       0x26 CMakeFiles/Tarefa_Unidade_II_MQTT.dir/C_/Users/denis/.pico-sdk/sdk/1.5.1/lib/tinyusb/src/tusb.c.obj
                0x10006a54                tu_edpt_bind_driver
 .text.advance_index
                0x10006a7a       0x1a CMakeFiles/Tarefa_Unidade_II_MQTT.dir/C_/Users/denis/.pico-sdk/sdk/1.5.1/lib/tinyusb/src/common/tusb_fifo.c.obj
 .text._tu_fifo_peek
                0x10006a94       0x56 CMakeFiles/Tarefa_Unidade_II_MQTT.dir/C_/Users/denis/.pico-sdk/sdk/1.5.1/lib/tinyusb/src/common/tusb_fifo.c.obj
 .text._ff_pull_const_addr
                0x10006aea       0x4c CMakeFiles/Tarefa_Unidade_II_MQTT.dir/C_/Users/denis/.pico-sdk/sdk/1.5.1/lib/tinyusb/src/common/tusb_fifo.c.obj
 .text._ff_pull_n
                0x10006b36      0x110 CMakeFiles/Tarefa_Unidade_II_MQTT.dir/C_/Users/denis/.pico-sdk/sdk/1.5.1/lib/tinyusb/src/common/tusb_fifo.c.obj
 .text._tu_fifo_peek_n
                0x10006c46       0x6a CMakeFiles/Tarefa_Unidade_II_MQTT.dir/C_/Users/denis/.pico-sdk/sdk/1.5.1/lib/tinyusb/src/common/tusb_fifo.c.obj
 .text._tu_fifo_read_n
                0x10006cb0       0x4e CMakeFiles/Tarefa_Unidade_II_MQTT.dir/C_/Users/denis/.pico-sdk/sdk/1.5.1/lib/tinyusb/src/common/tusb_fifo.c.obj
 .text._ff_push_const_addr
                0x10006cfe       0x40 CMakeFiles/Tarefa_Unidade_II_MQTT.dir/C_/Users/denis/.pico-sdk/sdk/1.5.1/lib/tinyusb/src/common/tusb_fifo.c.obj
 .text._ff_push_n
                0x10006d3e      0x10c CMakeFiles/Tarefa_Unidade_II_MQTT.dir/C_/Users/denis/.pico-sdk/sdk/1.5.1/lib/tinyusb/src/common/tusb_fifo.c.obj
 .text._tu_fifo_write_n
                0x10006e4a       0xf0 CMakeFiles/Tarefa_Unidade_II_MQTT.dir/C_/Users/denis/.pico-sdk/sdk/1.5.1/lib/tinyusb/src/common/tusb_fifo.c.obj
 .text.tu_fifo_config
                0x10006f3a       0x7c CMakeFiles/Tarefa_Unidade_II_MQTT.dir/C_/Users/denis/.pico-sdk/sdk/1.5.1/lib/tinyusb/src/common/tusb_fifo.c.obj
                0x10006f3a                tu_fifo_config
 .text.tu_fifo_count
                0x10006fb6       0x2a CMakeFiles/Tarefa_Unidade_II_MQTT.dir/C_/Users/denis/.pico-sdk/sdk/1.5.1/lib/tinyusb/src/common/tusb_fifo.c.obj
                0x10006fb6                tu_fifo_count
 .text.tu_fifo_empty
                0x10006fe0        0xe CMakeFiles/Tarefa_Unidade_II_MQTT.dir/C_/Users/denis/.pico-sdk/sdk/1.5.1/lib/tinyusb/src/common/tusb_fifo.c.obj
                0x10006fe0                tu_fifo_empty
 .text.tu_fifo_full
                0x10006fee       0x28 CMakeFiles/Tarefa_Unidade_II_MQTT.dir/C_/Users/denis/.pico-sdk/sdk/1.5.1/lib/tinyusb/src/common/tusb_fifo.c.obj
                0x10006fee                tu_fifo_full
 .text.tu_fifo_remaining
                0x10007016       0x2c CMakeFiles/Tarefa_Unidade_II_MQTT.dir/C_/Users/denis/.pico-sdk/sdk/1.5.1/lib/tinyusb/src/common/tusb_fifo.c.obj
                0x10007016                tu_fifo_remaining
 .text.tu_fifo_read
                0x10007042       0x42 CMakeFiles/Tarefa_Unidade_II_MQTT.dir/C_/Users/denis/.pico-sdk/sdk/1.5.1/lib/tinyusb/src/common/tusb_fifo.c.obj
                0x10007042                tu_fifo_read
 .text.tu_fifo_read_n
                0x10007084        0xa CMakeFiles/Tarefa_Unidade_II_MQTT.dir/C_/Users/denis/.pico-sdk/sdk/1.5.1/lib/tinyusb/src/common/tusb_fifo.c.obj
                0x10007084                tu_fifo_read_n
 .text.tu_fifo_write
                0x1000708e       0x64 CMakeFiles/Tarefa_Unidade_II_MQTT.dir/C_/Users/denis/.pico-sdk/sdk/1.5.1/lib/tinyusb/src/common/tusb_fifo.c.obj
                0x1000708e                tu_fifo_write
 .text.tu_fifo_write_n
                0x100070f2        0xa CMakeFiles/Tarefa_Unidade_II_MQTT.dir/C_/Users/denis/.pico-sdk/sdk/1.5.1/lib/tinyusb/src/common/tusb_fifo.c.obj
                0x100070f2                tu_fifo_write_n
 .text.tu_fifo_clear
                0x100070fc       0x3e CMakeFiles/Tarefa_Unidade_II_MQTT.dir/C_/Users/denis/.pico-sdk/sdk/1.5.1/lib/tinyusb/src/common/tusb_fifo.c.obj
                0x100070fc                tu_fifo_clear
 .text.tu_fifo_set_overwritable
                0x1000713a       0x46 CMakeFiles/Tarefa_Unidade_II_MQTT.dir/C_/Users/denis/.pico-sdk/sdk/1.5.1/lib/tinyusb/src/common/tusb_fifo.c.obj
                0x1000713a                tu_fifo_set_overwritable
 .text.i2c_write_blocking_internal
                0x10007180      0x146 CMakeFiles/Tarefa_Unidade_II_MQTT.dir/C_/Users/denis/.pico-sdk/sdk/1.5.1/src/rp2_common/hardware_i2c/i2c.c.obj
 *fill*         0x100072c6        0x2 
 .text.i2c_set_baudrate
                0x100072c8       0xf0 CMakeFiles/Tarefa_Unidade_II_MQTT.dir/C_/Users/denis/.pico-sdk/sdk/1.5.1/src/rp2_common/hardware_i2c/i2c.c.obj
                0x100072c8                i2c_set_baudrate
 .text.i2c_init
                0x100073b8       0x58 CMakeFiles/Tarefa_Unidade_II_MQTT.dir/C_/Users/denis/.pico-sdk/sdk/1.5.1/src/rp2_common/hardware_i2c/i2c.c.obj
                0x100073b8                i2c_init
 .text.i2c_write_blocking
                0x10007410       0x18 CMakeFiles/Tarefa_Unidade_II_MQTT.dir/C_/Users/denis/.pico-sdk/sdk/1.5.1/src/rp2_common/hardware_i2c/i2c.c.obj
                0x10007410                i2c_write_blocking
 .text.msg_generate_packet_id
                0x10007428       0x14 CMakeFiles/Tarefa_Unidade_II_MQTT.dir/C_/Users/denis/.pico-sdk/sdk/1.5.1/lib/lwip/src/apps/mqtt/mqtt.c.obj
 .text.mqtt_ringbuf_put
                0x1000743c       0x16 CMakeFiles/Tarefa_Unidade_II_MQTT.dir/C_/Users/denis/.pico-sdk/sdk/1.5.1/lib/lwip/src/apps/mqtt/mqtt.c.obj
 .text.mqtt_ringbuf_get_ptr
                0x10007452        0x8 CMakeFiles/Tarefa_Unidade_II_MQTT.dir/C_/Users/denis/.pico-sdk/sdk/1.5.1/lib/lwip/src/apps/mqtt/mqtt.c.obj
 .text.mqtt_ringbuf_len
                0x1000745a       0x16 CMakeFiles/Tarefa_Unidade_II_MQTT.dir/C_/Users/denis/.pico-sdk/sdk/1.5.1/lib/lwip/src/apps/mqtt/mqtt.c.obj
 .text.mqtt_delete_request
                0x10007470        0x8 CMakeFiles/Tarefa_Unidade_II_MQTT.dir/C_/Users/denis/.pico-sdk/sdk/1.5.1/lib/lwip/src/apps/mqtt/mqtt.c.obj
 .text.mqtt_output_append_u8
                0x10007478        0x8 CMakeFiles/Tarefa_Unidade_II_MQTT.dir/C_/Users/denis/.pico-sdk/sdk/1.5.1/lib/lwip/src/apps/mqtt/mqtt.c.obj
 .text.mqtt_output_append_u16
                0x10007480       0x16 CMakeFiles/Tarefa_Unidade_II_MQTT.dir/C_/Users/denis/.pico-sdk/sdk/1.5.1/lib/lwip/src/apps/mqtt/mqtt.c.obj
 .text.mqtt_output_append_buf
                0x10007496       0x1e CMakeFiles/Tarefa_Unidade_II_MQTT.dir/C_/Users/denis/.pico-sdk/sdk/1.5.1/lib/lwip/src/apps/mqtt/mqtt.c.obj
 .text.mqtt_output_append_string
                0x100074b4       0x2c CMakeFiles/Tarefa_Unidade_II_MQTT.dir/C_/Users/denis/.pico-sdk/sdk/1.5.1/lib/lwip/src/apps/mqtt/mqtt.c.obj
 .text.mqtt_output_append_fixed_header
                0x100074e0       0x52 CMakeFiles/Tarefa_Unidade_II_MQTT.dir/C_/Users/denis/.pico-sdk/sdk/1.5.1/lib/lwip/src/apps/mqtt/mqtt.c.obj
 .text.mqtt_incoming_suback
                0x10007532       0x1a CMakeFiles/Tarefa_Unidade_II_MQTT.dir/C_/Users/denis/.pico-sdk/sdk/1.5.1/lib/lwip/src/apps/mqtt/mqtt.c.obj
 .text.mqtt_create_request
                0x1000754c       0x38 CMakeFiles/Tarefa_Unidade_II_MQTT.dir/C_/Users/denis/.pico-sdk/sdk/1.5.1/lib/lwip/src/apps/mqtt/mqtt.c.obj
 .text.mqtt_output_check_space
                0x10007584       0x34 CMakeFiles/Tarefa_Unidade_II_MQTT.dir/C_/Users/denis/.pico-sdk/sdk/1.5.1/lib/lwip/src/apps/mqtt/mqtt.c.obj
 .text.mqtt_append_request
                0x100075b8       0x48 CMakeFiles/Tarefa_Unidade_II_MQTT.dir/C_/Users/denis/.pico-sdk/sdk/1.5.1/lib/lwip/src/apps/mqtt/mqtt.c.obj
 .text.mqtt_ringbuf_advance_get_idx
                0x10007600       0x24 CMakeFiles/Tarefa_Unidade_II_MQTT.dir/C_/Users/denis/.pico-sdk/sdk/1.5.1/lib/lwip/src/apps/mqtt/mqtt.c.obj
 .text.mqtt_request_time_elapsed
                0x10007624       0x50 CMakeFiles/Tarefa_Unidade_II_MQTT.dir/C_/Users/denis/.pico-sdk/sdk/1.5.1/lib/lwip/src/apps/mqtt/mqtt.c.obj
 .text.mqtt_clear_requests
                0x10007674       0x28 CMakeFiles/Tarefa_Unidade_II_MQTT.dir/C_/Users/denis/.pico-sdk/sdk/1.5.1/lib/lwip/src/apps/mqtt/mqtt.c.obj
 .text.mqtt_take_request
                0x1000769c       0x4c CMakeFiles/Tarefa_Unidade_II_MQTT.dir/C_/Users/denis/.pico-sdk/sdk/1.5.1/lib/lwip/src/apps/mqtt/mqtt.c.obj
 .text.mqtt_init_requests
                0x100076e8       0x24 CMakeFiles/Tarefa_Unidade_II_MQTT.dir/C_/Users/denis/.pico-sdk/sdk/1.5.1/lib/lwip/src/apps/mqtt/mqtt.c.obj
 .text.mqtt_output_send
                0x1000770c       0xdc CMakeFiles/Tarefa_Unidade_II_MQTT.dir/C_/Users/denis/.pico-sdk/sdk/1.5.1/lib/lwip/src/apps/mqtt/mqtt.c.obj
 .text.mqtt_tcp_poll_cb
                0x100077e8       0x16 CMakeFiles/Tarefa_Unidade_II_MQTT.dir/C_/Users/denis/.pico-sdk/sdk/1.5.1/lib/lwip/src/apps/mqtt/mqtt.c.obj
 .text.mqtt_tcp_sent_cb
                0x100077fe       0x46 CMakeFiles/Tarefa_Unidade_II_MQTT.dir/C_/Users/denis/.pico-sdk/sdk/1.5.1/lib/lwip/src/apps/mqtt/mqtt.c.obj
 .text.pub_ack_rec_rel_response
                0x10007844       0x56 CMakeFiles/Tarefa_Unidade_II_MQTT.dir/C_/Users/denis/.pico-sdk/sdk/1.5.1/lib/lwip/src/apps/mqtt/mqtt.c.obj
 *fill*         0x1000789a        0x2 
 .text.mqtt_message_received
                0x1000789c      0x278 CMakeFiles/Tarefa_Unidade_II_MQTT.dir/C_/Users/denis/.pico-sdk/sdk/1.5.1/lib/lwip/src/apps/mqtt/mqtt.c.obj
 .text.mqtt_close
                0x10007b14       0x74 CMakeFiles/Tarefa_Unidade_II_MQTT.dir/C_/Users/denis/.pico-sdk/sdk/1.5.1/lib/lwip/src/apps/mqtt/mqtt.c.obj
 .text.mqtt_tcp_err_cb
                0x10007b88       0x20 CMakeFiles/Tarefa_Unidade_II_MQTT.dir/C_/Users/denis/.pico-sdk/sdk/1.5.1/lib/lwip/src/apps/mqtt/mqtt.c.obj
 .text.mqtt_cyclic_timer
                0x10007ba8       0xc0 CMakeFiles/Tarefa_Unidade_II_MQTT.dir/C_/Users/denis/.pico-sdk/sdk/1.5.1/lib/lwip/src/apps/mqtt/mqtt.c.obj
 .text.mqtt_tcp_connect_cb
                0x10007c68       0x60 CMakeFiles/Tarefa_Unidade_II_MQTT.dir/C_/Users/denis/.pico-sdk/sdk/1.5.1/lib/lwip/src/apps/mqtt/mqtt.c.obj
 .text.mqtt_parse_incoming
                0x10007cc8      0x122 CMakeFiles/Tarefa_Unidade_II_MQTT.dir/C_/Users/denis/.pico-sdk/sdk/1.5.1/lib/lwip/src/apps/mqtt/mqtt.c.obj
 *fill*         0x10007dea        0x2 
 .text.mqtt_tcp_recv_cb
                0x10007dec       0x80 CMakeFiles/Tarefa_Unidade_II_MQTT.dir/C_/Users/denis/.pico-sdk/sdk/1.5.1/lib/lwip/src/apps/mqtt/mqtt.c.obj
 .text.mqtt_publish
                0x10007e6c      0x158 CMakeFiles/Tarefa_Unidade_II_MQTT.dir/C_/Users/denis/.pico-sdk/sdk/1.5.1/lib/lwip/src/apps/mqtt/mqtt.c.obj
                0x10007e6c                mqtt_publish
 .text.mqtt_sub_unsub
                0x10007fc4      0x150 CMakeFiles/Tarefa_Unidade_II_MQTT.dir/C_/Users/denis/.pico-sdk/sdk/1.5.1/lib/lwip/src/apps/mqtt/mqtt.c.obj
                0x10007fc4                mqtt_sub_unsub
 .text.mqtt_set_inpub_callback
                0x10008114       0x20 CMakeFiles/Tarefa_Unidade_II_MQTT.dir/C_/Users/denis/.pico-sdk/sdk/1.5.1/lib/lwip/src/apps/mqtt/mqtt.c.obj
                0x10008114                mqtt_set_inpub_callback
 .text.mqtt_client_new
                0x10008134        0xe CMakeFiles/Tarefa_Unidade_II_MQTT.dir/C_/Users/denis/.pico-sdk/sdk/1.5.1/lib/lwip/src/apps/mqtt/mqtt.c.obj
                0x10008134                mqtt_client_new
 *fill*         0x10008142        0x2 
 .text.mqtt_client_connect
                0x10008144      0x398 CMakeFiles/Tarefa_Unidade_II_MQTT.dir/C_/Users/denis/.pico-sdk/sdk/1.5.1/lib/lwip/src/apps/mqtt/mqtt.c.obj
                0x10008144                mqtt_client_connect
 .text.adc_init
                0x100084dc       0x34 CMakeFiles/Tarefa_Unidade_II_MQTT.dir/C_/Users/denis/.pico-sdk/sdk/1.5.1/src/rp2_common/hardware_adc/adc.c.obj
                0x100084dc                adc_init
 .text.to_ms_since_boot
                0x10008510       0x1c CMakeFiles/Tarefa_Unidade_II_MQTT.dir/C_/Users/denis/.pico-sdk/sdk/1.5.1/src/rp2_common/pico_lwip/lwip_nosys.c.obj
 .text.update_us_since_boot
                0x1000852c       0x24 CMakeFiles/Tarefa_Unidade_II_MQTT.dir/C_/Users/denis/.pico-sdk/sdk/1.5.1/src/rp2_common/pico_lwip/lwip_nosys.c.obj
 .text.delayed_by_ms
                0x10008550       0x44 CMakeFiles/Tarefa_Unidade_II_MQTT.dir/C_/Users/denis/.pico-sdk/sdk/1.5.1/src/rp2_common/pico_lwip/lwip_nosys.c.obj
 .text.lwip_timeout_reached
                0x10008594       0x2c CMakeFiles/Tarefa_Unidade_II_MQTT.dir/C_/Users/denis/.pico-sdk/sdk/1.5.1/src/rp2_common/pico_lwip/lwip_nosys.c.obj
 .text.get_absolute_time
                0x100085c0       0x22 CMakeFiles/Tarefa_Unidade_II_MQTT.dir/C_/Users/denis/.pico-sdk/sdk/1.5.1/src/rp2_common/pico_lwip/lwip_nosys.c.obj
 .text.make_timeout_time_ms
                0x100085e2       0x20 CMakeFiles/Tarefa_Unidade_II_MQTT.dir/C_/Users/denis/.pico-sdk/sdk/1.5.1/src/rp2_common/pico_lwip/lwip_nosys.c.obj
 *fill*         0x10008602        0x2 
 .text.update_next_timeout
                0x10008604       0x6c CMakeFiles/Tarefa_Unidade_II_MQTT.dir/C_/Users/denis/.pico-sdk/sdk/1.5.1/src/rp2_common/pico_lwip/lwip_nosys.c.obj
 .text.lwip_nosys_init
                0x10008670       0x34 CMakeFiles/Tarefa_Unidade_II_MQTT.dir/C_/Users/denis/.pico-sdk/sdk/1.5.1/src/rp2_common/pico_lwip/lwip_nosys.c.obj
                0x10008670                lwip_nosys_init
 .text.lwip_nosys_deinit
                0x100086a4       0x20 CMakeFiles/Tarefa_Unidade_II_MQTT.dir/C_/Users/denis/.pico-sdk/sdk/1.5.1/src/rp2_common/pico_lwip/lwip_nosys.c.obj
                0x100086a4                lwip_nosys_deinit
 .text.sys_arch_protect
                0x100086c4        0x4 CMakeFiles/Tarefa_Unidade_II_MQTT.dir/C_/Users/denis/.pico-sdk/sdk/1.5.1/src/rp2_common/pico_lwip/lwip_nosys.c.obj
                0x100086c4                sys_arch_protect
 .text.sys_arch_unprotect
                0x100086c8        0x2 CMakeFiles/Tarefa_Unidade_II_MQTT.dir/C_/Users/denis/.pico-sdk/sdk/1.5.1/src/rp2_common/pico_lwip/lwip_nosys.c.obj
                0x100086c8                sys_arch_unprotect
 .text.sys_now  0x100086ca       0x16 CMakeFiles/Tarefa_Unidade_II_MQTT.dir/C_/Users/denis/.pico-sdk/sdk/1.5.1/src/rp2_common/pico_lwip/lwip_nosys.c.obj
                0x100086ca                sys_now
 .text.is_at_the_end_of_time
                0x100086e0       0x1c CMakeFiles/Tarefa_Unidade_II_MQTT.dir/C_/Users/denis/.pico-sdk/sdk/1.5.1/src/rp2_common/pico_async_context/async_context_base.c.obj
 .text.update_us_since_boot
                0x100086fc       0x24 CMakeFiles/Tarefa_Unidade_II_MQTT.dir/C_/Users/denis/.pico-sdk/sdk/1.5.1/src/rp2_common/pico_async_context/async_context_base.c.obj
 .text.get_absolute_time
                0x10008720       0x22 CMakeFiles/Tarefa_Unidade_II_MQTT.dir/C_/Users/denis/.pico-sdk/sdk/1.5.1/src/rp2_common/pico_async_context/async_context_base.c.obj
 .text.async_context_base_add_at_time_worker
                0x10008742       0x1c CMakeFiles/Tarefa_Unidade_II_MQTT.dir/C_/Users/denis/.pico-sdk/sdk/1.5.1/src/rp2_common/pico_async_context/async_context_base.c.obj
                0x10008742                async_context_base_add_at_time_worker
 .text.async_context_base_remove_at_time_worker
                0x1000875e       0x1c CMakeFiles/Tarefa_Unidade_II_MQTT.dir/C_/Users/denis/.pico-sdk/sdk/1.5.1/src/rp2_common/pico_async_context/async_context_base.c.obj
                0x1000875e                async_context_base_remove_at_time_worker
 .text.async_context_base_add_when_pending_worker
                0x1000877a       0x1c CMakeFiles/Tarefa_Unidade_II_MQTT.dir/C_/Users/denis/.pico-sdk/sdk/1.5.1/src/rp2_common/pico_async_context/async_context_base.c.obj
                0x1000877a                async_context_base_add_when_pending_worker
 .text.async_context_base_remove_when_pending_worker
                0x10008796       0x1c CMakeFiles/Tarefa_Unidade_II_MQTT.dir/C_/Users/denis/.pico-sdk/sdk/1.5.1/src/rp2_common/pico_async_context/async_context_base.c.obj
                0x10008796                async_context_base_remove_when_pending_worker
 *fill*         0x100087b2        0x2 
 .text.async_context_base_remove_ready_at_time_worker
                0x100087b4       0x78 CMakeFiles/Tarefa_Unidade_II_MQTT.dir/C_/Users/denis/.pico-sdk/sdk/1.5.1/src/rp2_common/pico_async_context/async_context_base.c.obj
                0x100087b4                async_context_base_remove_ready_at_time_worker
 .text.async_context_base_refresh_next_timeout
                0x1000882c       0x3c CMakeFiles/Tarefa_Unidade_II_MQTT.dir/C_/Users/denis/.pico-sdk/sdk/1.5.1/src/rp2_common/pico_async_context/async_context_base.c.obj
                0x1000882c                async_context_base_refresh_next_timeout
 .text.async_context_base_execute_once
                0x10008868       0x48 CMakeFiles/Tarefa_Unidade_II_MQTT.dir/C_/Users/denis/.pico-sdk/sdk/1.5.1/src/rp2_common/pico_async_context/async_context_base.c.obj
                0x10008868                async_context_base_execute_once
 .text.splitmix64
                0x100088b0       0x58 CMakeFiles/Tarefa_Unidade_II_MQTT.dir/C_/Users/denis/.pico-sdk/sdk/1.5.1/src/rp2_common/pico_rand/rand.c.obj
 .text.sdbm_hash64_sram
                0x10008908       0x64 CMakeFiles/Tarefa_Unidade_II_MQTT.dir/C_/Users/denis/.pico-sdk/sdk/1.5.1/src/rp2_common/pico_rand/rand.c.obj
 .text.xoroshiro128ss
                0x1000896c       0xb8 CMakeFiles/Tarefa_Unidade_II_MQTT.dir/C_/Users/denis/.pico-sdk/sdk/1.5.1/src/rp2_common/pico_rand/rand.c.obj
 .text.update_us_since_boot
                0x10008a24       0x24 CMakeFiles/Tarefa_Unidade_II_MQTT.dir/C_/Users/denis/.pico-sdk/sdk/1.5.1/src/rp2_common/pico_rand/rand.c.obj
 .text.get_absolute_time
                0x10008a48       0x22 CMakeFiles/Tarefa_Unidade_II_MQTT.dir/C_/Users/denis/.pico-sdk/sdk/1.5.1/src/rp2_common/pico_rand/rand.c.obj
 *fill*         0x10008a6a        0x2 
 .text.delayed_by_us
                0x10008a6c       0x34 CMakeFiles/Tarefa_Unidade_II_MQTT.dir/C_/Users/denis/.pico-sdk/sdk/1.5.1/src/rp2_common/pico_rand/rand.c.obj
 .text.make_timeout_time_us
                0x10008aa0       0x24 CMakeFiles/Tarefa_Unidade_II_MQTT.dir/C_/Users/denis/.pico-sdk/sdk/1.5.1/src/rp2_common/pico_rand/rand.c.obj
 .text.capture_additional_rosc_samples
                0x10008ac4      0x164 CMakeFiles/Tarefa_Unidade_II_MQTT.dir/C_/Users/denis/.pico-sdk/sdk/1.5.1/src/rp2_common/pico_rand/rand.c.obj
 .text.initialise_rand
                0x10008c28      0x110 CMakeFiles/Tarefa_Unidade_II_MQTT.dir/C_/Users/denis/.pico-sdk/sdk/1.5.1/src/rp2_common/pico_rand/rand.c.obj
 .text.get_rand_64
                0x10008d38      0x10c CMakeFiles/Tarefa_Unidade_II_MQTT.dir/C_/Users/denis/.pico-sdk/sdk/1.5.1/src/rp2_common/pico_rand/rand.c.obj
                0x10008d38                get_rand_64
 .text.get_rand_32
                0x10008e44        0x8 CMakeFiles/Tarefa_Unidade_II_MQTT.dir/C_/Users/denis/.pico-sdk/sdk/1.5.1/src/rp2_common/pico_rand/rand.c.obj
                0x10008e44                get_rand_32
 .text.lwip_init
                0x10008e4c       0x24 CMakeFiles/Tarefa_Unidade_II_MQTT.dir/C_/Users/denis/.pico-sdk/sdk/1.5.1/lib/lwip/src/core/init.c.obj
                0x10008e4c                lwip_init
 .text.lwip_htons
                0x10008e70        0xa CMakeFiles/Tarefa_Unidade_II_MQTT.dir/C_/Users/denis/.pico-sdk/sdk/1.5.1/lib/lwip/src/core/def.c.obj
                0x10008e70                lwip_htons
 .text.lwip_htonl
                0x10008e7a       0x1e CMakeFiles/Tarefa_Unidade_II_MQTT.dir/C_/Users/denis/.pico-sdk/sdk/1.5.1/lib/lwip/src/core/def.c.obj
                0x10008e7a                lwip_htonl
 .text.dns_backupserver_available
                0x10008e98       0x28 CMakeFiles/Tarefa_Unidade_II_MQTT.dir/C_/Users/denis/.pico-sdk/sdk/1.5.1/lib/lwip/src/core/dns.c.obj
 .text.dns_create_txid
                0x10008ec0       0x3c CMakeFiles/Tarefa_Unidade_II_MQTT.dir/C_/Users/denis/.pico-sdk/sdk/1.5.1/lib/lwip/src/core/dns.c.obj
 .text.dns_call_found
                0x10008efc       0xf4 CMakeFiles/Tarefa_Unidade_II_MQTT.dir/C_/Users/denis/.pico-sdk/sdk/1.5.1/lib/lwip/src/core/dns.c.obj
 .text.dns_send
                0x10008ff0      0x17c CMakeFiles/Tarefa_Unidade_II_MQTT.dir/C_/Users/denis/.pico-sdk/sdk/1.5.1/lib/lwip/src/core/dns.c.obj
 .text.dns_check_entry
                0x1000916c      0x11c CMakeFiles/Tarefa_Unidade_II_MQTT.dir/C_/Users/denis/.pico-sdk/sdk/1.5.1/lib/lwip/src/core/dns.c.obj
 .text.dns_check_entries
                0x10009288       0x16 CMakeFiles/Tarefa_Unidade_II_MQTT.dir/C_/Users/denis/.pico-sdk/sdk/1.5.1/lib/lwip/src/core/dns.c.obj
 .text.dns_init
                0x1000929e        0x2 CMakeFiles/Tarefa_Unidade_II_MQTT.dir/C_/Users/denis/.pico-sdk/sdk/1.5.1/lib/lwip/src/core/dns.c.obj
                0x1000929e                dns_init
 .text.dns_setserver
                0x100092a0       0x28 CMakeFiles/Tarefa_Unidade_II_MQTT.dir/C_/Users/denis/.pico-sdk/sdk/1.5.1/lib/lwip/src/core/dns.c.obj
                0x100092a0                dns_setserver
 .text.dns_tmr  0x100092c8        0x8 CMakeFiles/Tarefa_Unidade_II_MQTT.dir/C_/Users/denis/.pico-sdk/sdk/1.5.1/lib/lwip/src/core/dns.c.obj
                0x100092c8                dns_tmr
 .text.lwip_standard_chksum
                0x100092d0       0xa0 CMakeFiles/Tarefa_Unidade_II_MQTT.dir/C_/Users/denis/.pico-sdk/sdk/1.5.1/lib/lwip/src/core/inet_chksum.c.obj
                0x100092d0                lwip_standard_chksum
 .text.inet_cksum_pseudo_base
                0x10009370       0x82 CMakeFiles/Tarefa_Unidade_II_MQTT.dir/C_/Users/denis/.pico-sdk/sdk/1.5.1/lib/lwip/src/core/inet_chksum.c.obj
 .text.inet_chksum_pseudo
                0x100093f2       0x30 CMakeFiles/Tarefa_Unidade_II_MQTT.dir/C_/Users/denis/.pico-sdk/sdk/1.5.1/lib/lwip/src/core/inet_chksum.c.obj
                0x100093f2                inet_chksum_pseudo
 .text.ip_chksum_pseudo
                0x10009422       0x10 CMakeFiles/Tarefa_Unidade_II_MQTT.dir/C_/Users/denis/.pico-sdk/sdk/1.5.1/lib/lwip/src/core/inet_chksum.c.obj
                0x10009422                ip_chksum_pseudo
 .text.inet_chksum
                0x10009432        0xc CMakeFiles/Tarefa_Unidade_II_MQTT.dir/C_/Users/denis/.pico-sdk/sdk/1.5.1/lib/lwip/src/core/inet_chksum.c.obj
                0x10009432                inet_chksum
 .text.inet_chksum_pbuf
                0x1000943e       0x52 CMakeFiles/Tarefa_Unidade_II_MQTT.dir/C_/Users/denis/.pico-sdk/sdk/1.5.1/lib/lwip/src/core/inet_chksum.c.obj
                0x1000943e                inet_chksum_pbuf
 .text.ptr_to_mem
                0x10009490        0xc CMakeFiles/Tarefa_Unidade_II_MQTT.dir/C_/Users/denis/.pico-sdk/sdk/1.5.1/lib/lwip/src/core/mem.c.obj
 .text.mem_to_ptr
                0x1000949c       0x10 CMakeFiles/Tarefa_Unidade_II_MQTT.dir/C_/Users/denis/.pico-sdk/sdk/1.5.1/lib/lwip/src/core/mem.c.obj
 .text.mem_link_valid
                0x100094ac       0x5c CMakeFiles/Tarefa_Unidade_II_MQTT.dir/C_/Users/denis/.pico-sdk/sdk/1.5.1/lib/lwip/src/core/mem.c.obj
 .text.plug_holes
                0x10009508       0xd0 CMakeFiles/Tarefa_Unidade_II_MQTT.dir/C_/Users/denis/.pico-sdk/sdk/1.5.1/lib/lwip/src/core/mem.c.obj
 .text.mem_init
                0x100095d8       0x40 CMakeFiles/Tarefa_Unidade_II_MQTT.dir/C_/Users/denis/.pico-sdk/sdk/1.5.1/lib/lwip/src/core/mem.c.obj
                0x100095d8                mem_init
 .text.mem_free
                0x10009618       0x84 CMakeFiles/Tarefa_Unidade_II_MQTT.dir/C_/Users/denis/.pico-sdk/sdk/1.5.1/lib/lwip/src/core/mem.c.obj
                0x10009618                mem_free
 .text.mem_trim
                0x1000969c      0x134 CMakeFiles/Tarefa_Unidade_II_MQTT.dir/C_/Users/denis/.pico-sdk/sdk/1.5.1/lib/lwip/src/core/mem.c.obj
                0x1000969c                mem_trim
 .text.mem_malloc
                0x100097d0      0x134 CMakeFiles/Tarefa_Unidade_II_MQTT.dir/C_/Users/denis/.pico-sdk/sdk/1.5.1/lib/lwip/src/core/mem.c.obj
                0x100097d0                mem_malloc
 .text.mem_calloc